Component: ARM Compiler 5.06 update 4 (build 422) Tool: armlink [4d35d2]

==============================================================================

Section Cross References

    startup_stm32f103xb.o(STACK) refers (Special) to heapauxi.o(.text) for __use_two_region_memory
    startup_stm32f103xb.o(HEAP) refers (Special) to heapauxi.o(.text) for __use_two_region_memory
    startup_stm32f103xb.o(RESET) refers (Special) to heapauxi.o(.text) for __use_two_region_memory
    startup_stm32f103xb.o(RESET) refers to startup_stm32f103xb.o(STACK) for __initial_sp
    startup_stm32f103xb.o(RESET) refers to startup_stm32f103xb.o(.text) for Reset_Handler
    startup_stm32f103xb.o(RESET) refers to stm32f1xx_it.o(i.NMI_Handler) for NMI_Handler
    startup_stm32f103xb.o(RESET) refers to stm32f1xx_it.o(i.HardFault_Handler) for HardFault_Handler
    startup_stm32f103xb.o(RESET) refers to stm32f1xx_it.o(i.MemManage_Handler) for MemManage_Handler
    startup_stm32f103xb.o(RESET) refers to stm32f1xx_it.o(i.BusFault_Handler) for BusFault_Handler
    startup_stm32f103xb.o(RESET) refers to stm32f1xx_it.o(i.UsageFault_Handler) for UsageFault_Handler
    startup_stm32f103xb.o(RESET) refers to stm32f1xx_it.o(i.SVC_Handler) for SVC_Handler
    startup_stm32f103xb.o(RESET) refers to stm32f1xx_it.o(i.DebugMon_Handler) for DebugMon_Handler
    startup_stm32f103xb.o(RESET) refers to stm32f1xx_it.o(i.PendSV_Handler) for PendSV_Handler
    startup_stm32f103xb.o(RESET) refers to stm32f1xx_it.o(i.SysTick_Handler) for SysTick_Handler
    startup_stm32f103xb.o(RESET) refers to stm32f1xx_it.o(i.DMA1_Channel1_IRQHandler) for DMA1_Channel1_IRQHandler
    startup_stm32f103xb.o(RESET) refers to stm32f1xx_it.o(i.DMA1_Channel2_IRQHandler) for DMA1_Channel2_IRQHandler
    startup_stm32f103xb.o(RESET) refers to stm32f1xx_it.o(i.DMA1_Channel3_IRQHandler) for DMA1_Channel3_IRQHandler
    startup_stm32f103xb.o(RESET) refers to stm32f1xx_it.o(i.DMA1_Channel4_IRQHandler) for DMA1_Channel4_IRQHandler
    startup_stm32f103xb.o(RESET) refers to stm32f1xx_it.o(i.DMA1_Channel6_IRQHandler) for DMA1_Channel6_IRQHandler
    startup_stm32f103xb.o(RESET) refers to stm32f1xx_it.o(i.TIM2_IRQHandler) for TIM2_IRQHandler
    startup_stm32f103xb.o(RESET) refers to stm32f1xx_it.o(i.USART2_IRQHandler) for USART2_IRQHandler
    startup_stm32f103xb.o(.text) refers (Special) to heapauxi.o(.text) for __use_two_region_memory
    startup_stm32f103xb.o(.text) refers to system_stm32f1xx.o(i.SystemInit) for SystemInit
    startup_stm32f103xb.o(.text) refers to __main.o(!!!main) for __main
    startup_stm32f103xb.o(.text) refers to startup_stm32f103xb.o(HEAP) for Heap_Mem
    startup_stm32f103xb.o(.text) refers to startup_stm32f103xb.o(STACK) for Stack_Mem
    main.o(i.HAL_TIM_PeriodElapsedCallback) refers to higherctrl.o(i.updateInformation_Handle) for updateInformation_Handle
    main.o(i.HAL_TIM_PeriodElapsedCallback) refers to tim.o(.bss) for htim2
    main.o(i.HAL_UART_RxCpltCallback) refers to noretval__2printf.o(.text) for __2printf
    main.o(i.HAL_UART_RxCpltCallback) refers to gpsdecode.o(i.decodeGPS) for decodeGPS
    main.o(i.HAL_UART_RxCpltCallback) refers to com.o(i.GetInfo_Dispose) for GetInfo_Dispose
    main.o(i.HAL_UART_RxCpltCallback) refers to gpsdecode.o(.bss) for GPS_data
    main.o(i.SystemClock_Config) refers to rt_memclr_w.o(.text) for __aeabi_memclr4
    main.o(i.SystemClock_Config) refers to stm32f1xx_hal_rcc.o(i.HAL_RCC_OscConfig) for HAL_RCC_OscConfig
    main.o(i.SystemClock_Config) refers to stm32f1xx_hal_rcc.o(i.HAL_RCC_ClockConfig) for HAL_RCC_ClockConfig
    main.o(i.SystemClock_Config) refers to stm32f1xx_hal_rcc_ex.o(i.HAL_RCCEx_PeriphCLKConfig) for HAL_RCCEx_PeriphCLKConfig
    main.o(i.main) refers to stm32f1xx_hal.o(i.HAL_Init) for HAL_Init
    main.o(i.main) refers to main.o(i.SystemClock_Config) for SystemClock_Config
    main.o(i.main) refers to gpio.o(i.MX_GPIO_Init) for MX_GPIO_Init
    main.o(i.main) refers to dma.o(i.MX_DMA_Init) for MX_DMA_Init
    main.o(i.main) refers to adc.o(i.MX_ADC1_Init) for MX_ADC1_Init
    main.o(i.main) refers to usart.o(i.MX_USART2_UART_Init) for MX_USART2_UART_Init
    main.o(i.main) refers to usart.o(i.MX_USART1_UART_Init) for MX_USART1_UART_Init
    main.o(i.main) refers to usart.o(i.MX_USART3_UART_Init) for MX_USART3_UART_Init
    main.o(i.main) refers to tim.o(i.MX_TIM3_Init) for MX_TIM3_Init
    main.o(i.main) refers to tim.o(i.MX_TIM4_Init) for MX_TIM4_Init
    main.o(i.main) refers to tim.o(i.MX_TIM2_Init) for MX_TIM2_Init
    main.o(i.main) refers to stm32f1xx_hal_adc.o(i.HAL_ADC_Start_DMA) for HAL_ADC_Start_DMA
    main.o(i.main) refers to stm32f1xx_hal_uart.o(i.HAL_UART_Receive_DMA) for HAL_UART_Receive_DMA
    main.o(i.main) refers to com.o(i.GetInfo_Init) for GetInfo_Init
    main.o(i.main) refers to higherctrl.o(i.higherCtrl_Init) for higherCtrl_Init
    main.o(i.main) refers to gpsdecode.o(i.decodeGPS) for decodeGPS
[...]
    ../mathlib/fpclassify.c                  0x00000000   Number         0  fpclassify.o ABSOLUTE
    ..\Core\Src\adc.c                        0x00000000   Number         0  adc.o ABSOLUTE
    ..\Core\Src\dma.c                        0x00000000   Number         0  dma.o ABSOLUTE
    ..\Core\Src\gpio.c                       0x00000000   Number         0  gpio.o ABSOLUTE
    ..\Core\Src\main.c                       0x00000000   Number         0  main.o ABSOLUTE
    ..\Core\Src\stm32f1xx_hal_msp.c          0x00000000   Number         0  stm32f1xx_hal_msp.o ABSOLUTE
    ..\Core\Src\stm32f1xx_it.c               0x00000000   Number         0  stm32f1xx_it.o ABSOLUTE
    ..\Core\Src\system_stm32f1xx.c           0x00000000   Number         0  system_stm32f1xx.o ABSOLUTE
    ..\Core\Src\tim.c                        0x00000000   Number         0  tim.o ABSOLUTE
    ..\Core\Src\usart.c                      0x00000000   Number         0  usart.o ABSOLUTE
    ..\Drivers\STM32F1xx_HAL_Driver\Src\stm32f1xx_hal.c 0x00000000   Number         0  stm32f1xx_hal.o ABSOLUTE
    ..\Drivers\STM32F1xx_HAL_Driver\Src\stm32f1xx_hal_adc.c 0x00000000   Number         0  stm32f1xx_hal_adc.o ABSOLUTE
    ..\Drivers\STM32F1xx_HAL_Driver\Src\stm32f1xx_hal_adc_ex.c 0x00000000   Number         0  stm32f1xx_hal_adc_ex.o ABSOLUTE
    ..\Drivers\STM32F1xx_HAL_Driver\Src\stm32f1xx_hal_cortex.c 0x00000000   Number         0  stm32f1xx_hal_cortex.o ABSOLUTE
    ..\Drivers\STM32F1xx_HAL_Driver\Src\stm32f1xx_hal_dma.c 0x00000000   Number         0  stm32f1xx_hal_dma.o ABSOLUTE
    ..\Drivers\STM32F1xx_HAL_Driver\Src\stm32f1xx_hal_exti.c 0x00000000   Number         0  stm32f1xx_hal_exti.o ABSOLUTE
    ..\Drivers\STM32F1xx_HAL_Driver\Src\stm32f1xx_hal_flash.c 0x00000000   Number         0  stm32f1xx_hal_flash.o ABSOLUTE
    ..\Drivers\STM32F1xx_HAL_Driver\Src\stm32f1xx_hal_flash_ex.c 0x00000000   Number         0  stm32f1xx_hal_flash_ex.o ABSOLUTE
    ..\Drivers\STM32F1xx_HAL_Driver\Src\stm32f1xx_hal_gpio.c 0x00000000   Number         0  stm32f1xx_hal_gpio.o ABSOLUTE
    ..\Drivers\STM32F1xx_HAL_Driver\Src\stm32f1xx_hal_gpio_ex.c 0x00000000   Number         0  stm32f1xx_hal_gpio_ex.o ABSOLUTE
    ..\Drivers\STM32F1xx_HAL_Driver\Src\stm32f1xx_hal_pwr.c 0x00000000   Number         0  stm32f1xx_hal_pwr.o ABSOLUTE
    ..\Drivers\STM32F1xx_HAL_Driver\Src\stm32f1xx_hal_rcc.c 0x00000000   Number         0  stm32f1xx_hal_rcc.o ABSOLUTE
    ..\Drivers\STM32F1xx_HAL_Driver\Src\stm32f1xx_hal_rcc_ex.c 0x00000000   Number         0  stm32f1xx_hal_rcc_ex.o ABSOLUTE
    ..\Drivers\STM32F1xx_HAL_Driver\Src\stm32f1xx_hal_tim.c 0x00000000   Number         0  stm32f1xx_hal_tim.o ABSOLUTE
    ..\Drivers\STM32F1xx_HAL_Driver\Src\stm32f1xx_hal_tim_ex.c 0x00000000   Number         0  stm32f1xx_hal_tim_ex.o ABSOLUTE
    ..\Drivers\STM32F1xx_HAL_Driver\Src\stm32f1xx_hal_uart.c 0x00000000   Number         0  stm32f1xx_hal_uart.o ABSOLUTE
    ..\YQYprj\com.c                          0x00000000   Number         0  com.o ABSOLUTE
    ..\YQYprj\higherCtrl.c                   0x00000000   Number         0  higherctrl.o ABSOLUTE
    ..\\YQYprj\\com.c                        0x00000000   Number         0  com.o ABSOLUTE
    ..\\YQYprj\\higherCtrl.c                 0x00000000   Number         0  higherctrl.o ABSOLUTE
    ..\\decode\\GPSdecode.c                  0x00000000   Number         0  gpsdecode.o ABSOLUTE
    ..\decode\GPSdecode.c                    0x00000000   Number         0  gpsdecode.o ABSOLUTE
    dc.s                                     0x00000000   Number         0  dc.o ABSOLUTE
    startup_stm32f103xb.s                    0x00000000   Number         0  startup_stm32f103xb.o ABSOLUTE
    RESET                                    0x08000000   Section      236  startup_stm32f103xb.o(RESET)
    !!!main                                  0x080000ec   Section        8  __main.o(!!!main)
    !!!scatter                               0x080000f4   Section       52  __scatter.o(!!!scatter)
    !!handler_copy                           0x08000128   Section       26  __scatter_copy.o(!!handler_copy)
    !!handler_zi                             0x08000144   Section       28  __scatter_zi.o(!!handler_zi)
    .ARM.Collect$$_printf_percent$$00000000  0x08000160   Section        0  _printf_percent.o(.ARM.Collect$$_printf_percent$$00000000)
    .ARM.Collect$$_printf_percent$$00000009  0x08000160   Section        6  _printf_d.o(.ARM.Collect$$_printf_percent$$00000009)
    .ARM.Collect$$_printf_percent$$00000017  0x08000166   Section        4  _printf_percent_end.o(.ARM.Collect$$_printf_percent$$00000017)
    .ARM.Collect$$libinit$$00000000          0x0800016a   Section        2  libinit.o(.ARM.Collect$$libinit$$00000000)
    .ARM.Collect$$libinit$$00000002          0x0800016c   Section        0  libinit2.o(.ARM.Collect$$libinit$$00000002)
    .ARM.Collect$$libinit$$00000004          0x0800016c   Section        0  libinit2.o(.ARM.Collect$$libinit$$00000004)
    .ARM.Collect$$libinit$$0000000A          0x0800016c   Section        0  libinit2.o(.ARM.Collect$$libinit$$0000000A)
    .ARM.Collect$$libinit$$0000000C          0x0800016c   Section        0  libinit2.o(.ARM.Collect$$libinit$$0000000C)
    .ARM.Collect$$libinit$$0000000E          0x0800016c   Section        0  libinit2.o(.ARM.Collect$$libinit$$0000000E)
    .ARM.Collect$$libinit$$00000011          0x0800016c   Section        0  libinit2.o(.ARM.Collect$$libinit$$00000011)
    .ARM.Collect$$libinit$$00000013          0x0800016c   Section        0  libinit2.o(.ARM.Collect$$libinit$$00000013)
    .ARM.Collect$$libinit$$00000015          0x0800016c   Section        0  libinit2.o(.ARM.Collect$$libinit$$00000015)
    .ARM.Collect$$libinit$$00000017          0x0800016c   Section        0  libinit2.o(.ARM.Collect$$libinit$$00000017)
    .ARM.Collect$$libinit$$00000019          0x0800016c   Section        0  libinit2.o(.ARM.Collect$$libinit$$00000019)
    .ARM.Collect$$libinit$$0000001B          0x0800016c   Section        0  libinit2.o(.ARM.Collect$$libinit$$0000001B)
    .ARM.Collect$$libinit$$0000001D          0x0800016c   Section        0  libinit2.o(.ARM.Collect$$libinit$$0000001D)
    .ARM.Collect$$libinit$$0000001F          0x0800016c   Section        0  libinit2.o(.ARM.Collect$$libinit$$0000001F)
    .ARM.Collect$$libinit$$00000021          0x0800016c   Section        0  libinit2.o(.ARM.Collect$$libinit$$00000021)
    .ARM.Collect$$libinit$$00000023          0x0800016c   Section        0  libinit2.o(.ARM.Collect$$libinit$$00000023)
    .ARM.Collect$$libinit$$00000025          0x0800016c   Section        0  libinit2.o(.ARM.Collect$$libinit$$00000025)
    .ARM.Collect$$libinit$$0000002C          0x0800016c   Section        0  libinit2.o(.ARM.Collect$$libinit$$0000002C)
    .ARM.Collect$$libinit$$0000002E          0x0800016c   Section        0  libinit2.o(.ARM.Collect$$libinit$$0000002E)
    .ARM.Collect$$libinit$$00000030          0x0800016c   Section        0  libinit2.o(.ARM.Collect$$libinit$$00000030)
    .ARM.Collect$$libinit$$00000032          0x0800016c   Section        0  libinit2.o(.ARM.Collect$$libinit$$00000032)
    .ARM.Collect$$libinit$$00000033          0x0800016c   Section        2  libinit2.o(.ARM.Collect$$libinit$$00000033)
    .ARM.Collect$$libshutdown$$00000000      0x0800016e   Section        2  libshutdown.o(.ARM.Collect$$libshutdown$$00000000)
    .ARM.Collect$$libshutdown$$00000002      0x08000170   Section        0  libshutdown2.o(.ARM.Collect$$libshutdown$$00000002)
    .ARM.Collect$$libshutdown$$00000004      0x08000170   Section        0  libshutdown2.o(.ARM.Collect$$libshutdown$$00000004)
    .ARM.Collect$$libshutdown$$00000007      0x08000170   Section        0  libshutdown2.o(.ARM.Collect$$libshutdown$$00000007)
    .ARM.Collect$$libshutdown$$0000000A      0x08000170   Section        0  libshutdown2.o(.ARM.Collect$$libshutdown$$0000000A)
    .ARM.Collect$$libshutdown$$0000000C      0x08000170   Section        0  libshutdown2.o(.ARM.Collect$$libshutdown$$0000000C)
    .ARM.Collect$$libshutdown$$0000000F      0x08000170   Section        0  libshutdown2.o(.ARM.Collect$$libshutdown$$0000000F)
    .ARM.Collect$$libshutdown$$00000010      0x08000170   Section        2  libshutdown2.o(.ARM.Collect$$libshutdown$$00000010)
    .ARM.Collect$$rtentry$$00000000          0x08000172   Section        0  __rtentry.o(.ARM.Collect$$rtentry$$00000000)
    .ARM.Collect$$rtentry$$00000002          0x08000172   Section        0  __rtentry2.o(.ARM.Collect$$rtentry$$00000002)
    .ARM.Collect$$rtentry$$00000004          0x08000172   Section        6  __rtentry4.o(.ARM.Collect$$rtentry$$00000004)
    .ARM.Collect$$rtentry$$00000009          0x08000178   Section        0  __rtentry2.o(.ARM.Collect$$rtentry$$00000009)
    .ARM.Collect$$rtentry$$0000000A          0x08000178   Section        4  __rtentry2.o(.ARM.Collect$$rtentry$$0000000A)
    .ARM.Collect$$rtentry$$0000000C          0x0800017c   Section        0  __rtentry2.o(.ARM.Collect$$rtentry$$0000000C)
    .ARM.Collect$$rtentry$$0000000D          0x0800017c   Section        8  __rtentry2.o(.ARM.Collect$$rtentry$$0000000D)
    .ARM.Collect$$rtexit$$00000000           0x08000184   Section        2  rtexit.o(.ARM.Collect$$rtexit$$00000000)
    .ARM.Collect$$rtexit$$00000002           0x08000186   Section        0  rtexit2.o(.ARM.Collect$$rtexit$$00000002)
    .ARM.Collect$$rtexit$$00000003           0x08000186   Section        4  rtexit2.o(.ARM.Collect$$rtexit$$00000003)
    .ARM.Collect$$rtexit$$00000004           0x0800018a   Section        6  rtexit2.o(.ARM.Collect$$rtexit$$00000004)
    .text                                    0x08000190   Section       64  startup_stm32f103xb.o(.text)
    .text                                    0x080001d0   Section        2  use_no_semi_2.o(.text)
    .text                                    0x080001d4   Section        0  noretval__2printf.o(.text)
    .text                                    0x080001ec   Section        0  _printf_dec.o(.text)
    .text                                    0x08000264   Section        0  __printf_flags_ss_wp.o(.text)
    .text                                    0x080003ec   Section       78  rt_memclr_w.o(.text)
    .text                                    0x0800043a   Section        0  heapauxi.o(.text)
    .text                                    0x08000440   Section        2  use_no_semi.o(.text)
    .text                                    0x08000442   Section        0  _printf_intcommon.o(.text)
    .text                                    0x080004f4   Section        0  _printf_char_file.o(.text)
    .text                                    0x08000518   Section        0  _printf_char_common.o(.text)
    _printf_input_char                       0x08000519   Thumb Code    10  _printf_char_common.o(.text)
    .text                                    0x08000548   Section        0  ferror.o(.text)
    .text                                    0x08000550   Section        8  libspace.o(.text)
    .text                                    0x08000558   Section       74  sys_stackheap_outer.o(.text)
    .text                                    0x080005a2   Section        0  exit.o(.text)
    i.ADC_ConversionStop_Disable             0x080005b4   Section        0  stm32f1xx_hal_adc.o(i.ADC_ConversionStop_Disable)
    i.ADC_DMAConvCplt                        0x0800060a   Section        0  stm32f1xx_hal_adc.o(i.ADC_DMAConvCplt)
    i.ADC_DMAError                           0x08000658   Section        0  stm32f1xx_hal_adc.o(i.ADC_DMAError)
    i.ADC_DMAHalfConvCplt                    0x08000672   Section        0  stm32f1xx_hal_adc.o(i.ADC_DMAHalfConvCplt)
    i.ADC_Enable                             0x0800067c   Section        0  stm32f1xx_hal_adc.o(i.ADC_Enable)
    i.ActionCtrl_Handle                      0x080006f8   Section        0  higherctrl.o(i.ActionCtrl_Handle)
    i.BusFault_Handler                       0x08000750   Section        0  stm32f1xx_it.o(i.BusFault_Handler)
    i.DMA1_Channel1_IRQHandler               0x08000754   Section        0  stm32f1xx_it.o(i.DMA1_Channel1_IRQHandler)
    i.DMA1_Channel2_IRQHandler               0x08000760   Section        0  stm32f1xx_it.o(i.DMA1_Channel2_IRQHandler)
    i.DMA1_Channel3_IRQHandler               0x0800076c   Section        0  stm32f1xx_it.o(i.DMA1_Channel3_IRQHandler)
    i.DMA1_Channel4_IRQHandler               0x08000778   Section        0  stm32f1xx_it.o(i.DMA1_Channel4_IRQHandler)
    i.DMA1_Channel6_IRQHandler               0x08000784   Section        0  stm32f1xx_it.o(i.DMA1_Channel6_IRQHandler)
    i.DMA_SetConfig                          0x08000790   Section        0  stm32f1xx_hal_dma.o(i.DMA_SetConfig)
    DMA_SetConfig                            0x08000791   Thumb Code    42  stm32f1xx_hal_dma.o(i.DMA_SetConfig)
    i.DebugMon_Handler                       0x080007ba   Section        0  stm32f1xx_it.o(i.DebugMon_Handler)
    i.Error_Handler                          0x080007bc   Section        0  main.o(i.Error_Handler)
    i.GetInfo_Dispose                        0x080007c0   Section        0  com.o(i.GetInfo_Dispose)
    i.GetInfo_Init                           0x080008a8   Section        0  com.o(i.GetInfo_Init)
    i.HAL_ADC_ConfigChannel                  0x080008dc   Section        0  stm32f1xx_hal_adc.o(i.HAL_ADC_ConfigChannel)
    i.HAL_ADC_ConvCpltCallback               0x080009d8   Section        0  stm32f1xx_hal_adc.o(i.HAL_ADC_ConvCpltCallback)
    i.HAL_ADC_ConvHalfCpltCallback           0x080009da   Section        0  stm32f1xx_hal_adc.o(i.HAL_ADC_ConvHalfCpltCallback)
    i.HAL_ADC_ErrorCallback                  0x080009dc   Section        0  stm32f1xx_hal_adc.o(i.HAL_ADC_ErrorCallback)
    i.HAL_ADC_Init                           0x080009e0   Section        0  stm32f1xx_hal_adc.o(i.HAL_ADC_Init)
    i.HAL_ADC_MspInit                        0x08000afc   Section        0  adc.o(i.HAL_ADC_MspInit)
    i.HAL_ADC_Start_DMA                      0x08000b8c   Section        0  stm32f1xx_hal_adc.o(i.HAL_ADC_Start_DMA)
    i.HAL_DMA_Abort                          0x08000c98   Section        0  stm32f1xx_hal_dma.o(i.HAL_DMA_Abort)
    i.HAL_DMA_Abort_IT                       0x08000ce0   Section        0  stm32f1xx_hal_dma.o(i.HAL_DMA_Abort_IT)
    i.HAL_DMA_IRQHandler                     0x08000d78   Section        0  stm32f1xx_hal_dma.o(i.HAL_DMA_IRQHandler)
    i.HAL_DMA_Init                           0x08000ecc   Section        0  stm32f1xx_hal_dma.o(i.HAL_DMA_Init)
    i.HAL_DMA_Start_IT                       0x08000f28   Section        0  stm32f1xx_hal_dma.o(i.HAL_DMA_Start_IT)
    i.HAL_Delay                              0x08000f98   Section        0  stm32f1xx_hal.o(i.HAL_Delay)
    i.HAL_GPIO_Init                          0x08000fbc   Section        0  stm32f1xx_hal_gpio.o(i.HAL_GPIO_Init)
    i.HAL_GPIO_WritePin                      0x0800119c   Section        0  stm32f1xx_hal_gpio.o(i.HAL_GPIO_WritePin)
    i.HAL_GetTick                            0x080011a8   Section        0  stm32f1xx_hal.o(i.HAL_GetTick)
    i.HAL_IncTick                            0x080011b4   Section        0  stm32f1xx_hal.o(i.HAL_IncTick)
    i.HAL_Init                               0x080011c4   Section        0  stm32f1xx_hal.o(i.HAL_Init)
    i.HAL_InitTick                           0x080011e8   Section        0  stm32f1xx_hal.o(i.HAL_InitTick)
    i.HAL_MspInit                            0x08001228   Section        0  stm32f1xx_hal_msp.o(i.HAL_MspInit)
    i.HAL_NVIC_EnableIRQ                     0x08001264   Section        0  stm32f1xx_hal_cortex.o(i.HAL_NVIC_EnableIRQ)
    i.HAL_NVIC_SetPriority                   0x08001280   Section        0  stm32f1xx_hal_cortex.o(i.HAL_NVIC_SetPriority)
    i.HAL_NVIC_SetPriorityGrouping           0x080012c0   Section        0  stm32f1xx_hal_cortex.o(i.HAL_NVIC_SetPriorityGrouping)
    i.HAL_RCCEx_PeriphCLKConfig              0x080012e4   Section        0  stm32f1xx_hal_rcc_ex.o(i.HAL_RCCEx_PeriphCLKConfig)
    i.HAL_RCC_ClockConfig                    0x080013d0   Section        0  stm32f1xx_hal_rcc.o(i.HAL_RCC_ClockConfig)
    i.HAL_RCC_GetPCLK1Freq                   0x080014fc   Section        0  stm32f1xx_hal_rcc.o(i.HAL_RCC_GetPCLK1Freq)
    i.HAL_RCC_GetPCLK2Freq                   0x0800151c   Section        0  stm32f1xx_hal_rcc.o(i.HAL_RCC_GetPCLK2Freq)
    i.HAL_RCC_GetSysClockFreq                0x0800153c   Section        0  stm32f1xx_hal_rcc.o(i.HAL_RCC_GetSysClockFreq)
    i.HAL_RCC_OscConfig                      0x080015a8   Section        0  stm32f1xx_hal_rcc.o(i.HAL_RCC_OscConfig)
    i.HAL_SYSTICK_Config                     0x080018c8   Section        0  stm32f1xx_hal_cortex.o(i.HAL_SYSTICK_Config)
    i.HAL_TIMEx_BreakCallback                0x080018f0   Section        0  stm32f1xx_hal_tim_ex.o(i.HAL_TIMEx_BreakCallback)
    i.HAL_TIMEx_CommutCallback               0x080018f2   Section        0  stm32f1xx_hal_tim_ex.o(i.HAL_TIMEx_CommutCallback)
    i.HAL_TIMEx_MasterConfigSynchronization  0x080018f4   Section        0  stm32f1xx_hal_tim_ex.o(i.HAL_TIMEx_MasterConfigSynchronization)
    i.HAL_TIM_Base_Init                      0x0800195c   Section        0  stm32f1xx_hal_tim.o(i.HAL_TIM_Base_Init)
    i.HAL_TIM_Base_MspInit                   0x080019b8   Section        0  tim.o(i.HAL_TIM_Base_MspInit)
    i.HAL_TIM_ConfigClockSource              0x08001a08   Section        0  stm32f1xx_hal_tim.o(i.HAL_TIM_ConfigClockSource)
    i.HAL_TIM_IC_CaptureCallback             0x08001ade   Section        0  stm32f1xx_hal_tim.o(i.HAL_TIM_IC_CaptureCallback)
    i.HAL_TIM_IRQHandler                     0x08001ae0   Section        0  stm32f1xx_hal_tim.o(i.HAL_TIM_IRQHandler)
    i.HAL_TIM_MspPostInit                    0x08001c48   Section        0  tim.o(i.HAL_TIM_MspPostInit)
    i.HAL_TIM_OC_DelayElapsedCallback        0x08001cb4   Section        0  stm32f1xx_hal_tim.o(i.HAL_TIM_OC_DelayElapsedCallback)
    i.HAL_TIM_PWM_ConfigChannel              0x08001cb6   Section        0  stm32f1xx_hal_tim.o(i.HAL_TIM_PWM_ConfigChannel)
    i.HAL_TIM_PWM_Init                       0x08001d7c   Section        0  stm32f1xx_hal_tim.o(i.HAL_TIM_PWM_Init)
    i.HAL_TIM_PWM_MspInit                    0x08001dd8   Section        0  tim.o(i.HAL_TIM_PWM_MspInit)
    i.HAL_TIM_PWM_PulseFinishedCallback      0x08001e00   Section        0  stm32f1xx_hal_tim.o(i.HAL_TIM_PWM_PulseFinishedCallback)
    i.HAL_TIM_PWM_Start                      0x08001e04   Section        0  stm32f1xx_hal_tim.o(i.HAL_TIM_PWM_Start)
    i.HAL_TIM_PeriodElapsedCallback          0x08001ea0   Section        0  main.o(i.HAL_TIM_PeriodElapsedCallback)
    i.HAL_TIM_TriggerCallback                0x08001eb4   Section        0  stm32f1xx_hal_tim.o(i.HAL_TIM_TriggerCallback)
    i.HAL_UARTEx_RxEventCallback             0x08001eb6   Section        0  stm32f1xx_hal_uart.o(i.HAL_UARTEx_RxEventCallback)
    i.HAL_UART_ErrorCallback                 0x08001eb8   Section        0  stm32f1xx_hal_uart.o(i.HAL_UART_ErrorCallback)
    i.HAL_UART_IRQHandler                    0x08001ebc   Section        0  stm32f1xx_hal_uart.o(i.HAL_UART_IRQHandler)
    i.HAL_UART_Init                          0x080020c8   Section        0  stm32f1xx_hal_uart.o(i.HAL_UART_Init)
    i.HAL_UART_MspInit                       0x0800212c   Section        0  usart.o(i.HAL_UART_MspInit)
    i.HAL_UART_Receive_DMA                   0x080022fc   Section        0  stm32f1xx_hal_uart.o(i.HAL_UART_Receive_DMA)
    i.HAL_UART_RxCpltCallback                0x08002328   Section        0  main.o(i.HAL_UART_RxCpltCallback)
    i.HAL_UART_RxHalfCpltCallback            0x08002384   Section        0  stm32f1xx_hal_uart.o(i.HAL_UART_RxHalfCpltCallback)
    i.HAL_UART_Transmit                      0x08002388   Section        0  stm32f1xx_hal_uart.o(i.HAL_UART_Transmit)
    i.HAL_UART_TxCpltCallback                0x0800243a   Section        0  stm32f1xx_hal_uart.o(i.HAL_UART_TxCpltCallback)
    i.HardFault_Handler                      0x0800243c   Section        0  stm32f1xx_it.o(i.HardFault_Handler)
    i.MX_ADC1_Init                           0x08002440   Section        0  adc.o(i.MX_ADC1_Init)
    i.MX_DMA_Init                            0x080024a4   Section        0  dma.o(i.MX_DMA_Init)
    i.MX_GPIO_Init                           0x08002510   Section        0  gpio.o(i.MX_GPIO_Init)
    i.MX_TIM2_Init                           0x08002590   Section        0  tim.o(i.MX_TIM2_Init)
    i.MX_TIM3_Init                           0x080025f8   Section        0  tim.o(i.MX_TIM3_Init)
    i.MX_TIM4_Init                           0x080026a4   Section        0  tim.o(i.MX_TIM4_Init)
    i.MX_USART1_UART_Init                    0x08002734   Section        0  usart.o(i.MX_USART1_UART_Init)
    i.MX_USART2_UART_Init                    0x0800276c   Section        0  usart.o(i.MX_USART2_UART_Init)
    i.MX_USART3_UART_Init                    0x080027a4   Section        0  usart.o(i.MX_USART3_UART_Init)
    i.MemManage_Handler                      0x080027dc   Section        0  stm32f1xx_it.o(i.MemManage_Handler)
    i.MotorCtrl                              0x080027e0   Section        0  higherctrl.o(i.MotorCtrl)
    i.NMI_Handler                            0x08002874   Section        0  stm32f1xx_it.o(i.NMI_Handler)
    i.PendSV_Handler                         0x08002876   Section        0  stm32f1xx_it.o(i.PendSV_Handler)
    i.PumpCtrl                               0x08002878   Section        0  higherctrl.o(i.PumpCtrl)
    i.SVC_Handler                            0x08002890   Section        0  stm32f1xx_it.o(i.SVC_Handler)
    i.SendInfo_Send                          0x08002894   Section        0  com.o(i.SendInfo_Send)
    i.SysTick_Handler                        0x08002990   Section        0  stm32f1xx_it.o(i.SysTick_Handler)
    i.SystemClock_Config                     0x08002994   Section        0  main.o(i.SystemClock_Config)
    i.SystemInit                             0x08002a0c   Section        0  system_stm32f1xx.o(i.SystemInit)
    i.TIM2_IRQHandler                        0x08002a10   Section        0  stm32f1xx_it.o(i.TIM2_IRQHandler)
    i.TIM_Base_SetConfig                     0x08002a1c   Section        0  stm32f1xx_hal_tim.o(i.TIM_Base_SetConfig)
    i.TIM_CCxChannelCmd                      0x08002a88   Section        0  stm32f1xx_hal_tim.o(i.TIM_CCxChannelCmd)
    i.TIM_ETR_SetConfig                      0x08002aa2   Section        0  stm32f1xx_hal_tim.o(i.TIM_ETR_SetConfig)
    i.TIM_ITRx_SetConfig                     0x08002ab6   Section        0  stm32f1xx_hal_tim.o(i.TIM_ITRx_SetConfig)
    TIM_ITRx_SetConfig                       0x08002ab7   Thumb Code    16  stm32f1xx_hal_tim.o(i.TIM_ITRx_SetConfig)
    i.TIM_OC1_SetConfig                      0x08002ac8   Section        0  stm32f1xx_hal_tim.o(i.TIM_OC1_SetConfig)
    TIM_OC1_SetConfig                        0x08002ac9   Thumb Code    74  stm32f1xx_hal_tim.o(i.TIM_OC1_SetConfig)
    i.TIM_OC2_SetConfig                      0x08002b18   Section        0  stm32f1xx_hal_tim.o(i.TIM_OC2_SetConfig)
    i.TIM_OC3_SetConfig                      0x08002b70   Section        0  stm32f1xx_hal_tim.o(i.TIM_OC3_SetConfig)
    TIM_OC3_SetConfig                        0x08002b71   Thumb Code    82  stm32f1xx_hal_tim.o(i.TIM_OC3_SetConfig)
    i.TIM_OC4_SetConfig                      0x08002bc8   Section        0  stm32f1xx_hal_tim.o(i.TIM_OC4_SetConfig)
    TIM_OC4_SetConfig                        0x08002bc9   Thumb Code    64  stm32f1xx_hal_tim.o(i.TIM_OC4_SetConfig)
    i.TIM_TI1_ConfigInputStage               0x08002c0c   Section        0  stm32f1xx_hal_tim.o(i.TIM_TI1_ConfigInputStage)
    TIM_TI1_ConfigInputStage                 0x08002c0d   Thumb Code    34  stm32f1xx_hal_tim.o(i.TIM_TI1_ConfigInputStage)
    i.TIM_TI2_ConfigInputStage               0x08002c2e   Section        0  stm32f1xx_hal_tim.o(i.TIM_TI2_ConfigInputStage)
    TIM_TI2_ConfigInputStage                 0x08002c2f   Thumb Code    36  stm32f1xx_hal_tim.o(i.TIM_TI2_ConfigInputStage)
    i.UART_DMAAbortOnError                   0x08002c52   Section        0  stm32f1xx_hal_uart.o(i.UART_DMAAbortOnError)
    UART_DMAAbortOnError                     0x08002c53   Thumb Code    16  stm32f1xx_hal_uart.o(i.UART_DMAAbortOnError)
    i.UART_DMAError                          0x08002c62   Section        0  stm32f1xx_hal_uart.o(i.UART_DMAError)
    UART_DMAError                            0x08002c63   Thumb Code    74  stm32f1xx_hal_uart.o(i.UART_DMAError)
    i.UART_DMAReceiveCplt                    0x08002cac   Section        0  stm32f1xx_hal_uart.o(i.UART_DMAReceiveCplt)
    UART_DMAReceiveCplt                      0x08002cad   Thumb Code    90  stm32f1xx_hal_uart.o(i.UART_DMAReceiveCplt)
    i.UART_DMARxHalfCplt                     0x08002d06   Section        0  stm32f1xx_hal_uart.o(i.UART_DMARxHalfCplt)
    UART_DMARxHalfCplt                       0x08002d07   Thumb Code    26  stm32f1xx_hal_uart.o(i.UART_DMARxHalfCplt)
    i.UART_EndRxTransfer                     0x08002d20   Section        0  stm32f1xx_hal_uart.o(i.UART_EndRxTransfer)
    UART_EndRxTransfer                       0x08002d21   Thumb Code    48  stm32f1xx_hal_uart.o(i.UART_EndRxTransfer)
    i.UART_EndTxTransfer                     0x08002d50   Section        0  stm32f1xx_hal_uart.o(i.UART_EndTxTransfer)
    UART_EndTxTransfer                       0x08002d51   Thumb Code    18  stm32f1xx_hal_uart.o(i.UART_EndTxTransfer)
    i.UART_Receive_IT                        0x08002d62   Section        0  stm32f1xx_hal_uart.o(i.UART_Receive_IT)
    UART_Receive_IT                          0x08002d63   Thumb Code   182  stm32f1xx_hal_uart.o(i.UART_Receive_IT)
    i.UART_SetConfig                         0x08002e18   Section        0  stm32f1xx_hal_uart.o(i.UART_SetConfig)
    UART_SetConfig                           0x08002e19   Thumb Code   178  stm32f1xx_hal_uart.o(i.UART_SetConfig)
    i.UART_Start_Receive_DMA                 0x08002ed0   Section        0  stm32f1xx_hal_uart.o(i.UART_Start_Receive_DMA)
    i.UART_WaitOnFlagUntilTimeout            0x08002f40   Section        0  stm32f1xx_hal_uart.o(i.UART_WaitOnFlagUntilTimeout)
    UART_WaitOnFlagUntilTimeout              0x08002f41   Thumb Code   100  stm32f1xx_hal_uart.o(i.UART_WaitOnFlagUntilTimeout)
    i.USART2_IRQHandler                      0x08002fa4   Section        0  stm32f1xx_it.o(i.USART2_IRQHandler)
    i.UsageFault_Handler                     0x08002fb0   Section        0  stm32f1xx_it.o(i.UsageFault_Handler)
    i.__NVIC_SetPriority                     0x08002fb2   Section        0  stm32f1xx_hal_cortex.o(i.__NVIC_SetPriority)
    __NVIC_SetPriority                       0x08002fb3   Thumb Code    32  stm32f1xx_hal_cortex.o(i.__NVIC_SetPriority)
    i._is_digit                              0x08002fd2   Section        0  __printf_wp.o(i._is_digit)
    i._sys_exit                              0x08002fe0   Section        0  usart.o(i._sys_exit)
    i.decodeChar                             0x08002fe4   Section        0  gpsdecode.o(i.decodeChar)
    i.decodeGPS                              0x08003084   Section        0  gpsdecode.o(i.decodeGPS)
    i.decodeGPS_fakeHandle                   0x080031cc   Section        0  gpsdecode.o(i.decodeGPS_fakeHandle)
    i.fputc                                  0x080032ac   Section        0  usart.o(i.fputc)
    i.higherCtrl_Handle                      0x080032c4   Section        0  higherctrl.o(i.higherCtrl_Handle)
    i.higherCtrl_Init                        0x080032e0   Section        0  higherctrl.o(i.higherCtrl_Init)
    i.main                                   0x08003354   Section        0  main.o(i.main)
    i.updateInformation_Handle               0x080033d4   Section        0  higherctrl.o(i.updateInformation_Handle)
    x$fpl$dadd                               0x08003450   Section      336  daddsub_clz.o(x$fpl$dadd)
    _dadd1                                   0x08003461   Thumb Code     0  daddsub_clz.o(x$fpl$dadd)
    x$fpl$dflt                               0x080035a0   Section       46  dflt_clz.o(x$fpl$dflt)
    x$fpl$dmul                               0x080035d0   Section      340  dmul.o(x$fpl$dmul)
    x$fpl$dnaninf                            0x08003724   Section      156  dnaninf.o(x$fpl$dnaninf)
    x$fpl$dretinf                            0x080037c0   Section       12  dretinf.o(x$fpl$dretinf)
    x$fpl$dsub                               0x080037cc   Section      468  daddsub_clz.o(x$fpl$dsub)
    _dsub1                                   0x080037dd   Thumb Code     0  daddsub_clz.o(x$fpl$dsub)
    x$fpl$ffltu                              0x080039a0   Section       38  fflt_clz.o(x$fpl$ffltu)
    .constdata                               0x080039c6   Section       16  system_stm32f1xx.o(.constdata)
    x$fpl$usenofp                            0x080039c6   Section        0  usenofp.o(x$fpl$usenofp)
    .constdata                               0x080039d6   Section        8  system_stm32f1xx.o(.constdata)
    .constdata                               0x080039de   Section       17  __printf_flags_ss_wp.o(.constdata)
    maptable                                 0x080039de   Data          17  __printf_flags_ss_wp.o(.constdata)
    .data                                    0x20000000   Section        4  main.o(.data)
    .data                                    0x20000004   Section        4  usart.o(.data)
    .data                                    0x20000008   Section       12  stm32f1xx_hal.o(.data)
    .data                                    0x20000014   Section        4  system_stm32f1xx.o(.data)
    .data                                    0x20000018   Section        8  gpsdecode.o(.data)
    i                                        0x20000019   Data           1  gpsdecode.o(.data)
    lastTime                                 0x2000001c   Data           4  gpsdecode.o(.data)
    .data                                    0x20000020   Section       16  com.o(.data)
    .data                                    0x20000030   Section        2  higherctrl.o(.data)
    .bss                                     0x20000034   Section      116  adc.o(.bss)
    .bss                                     0x200000a8   Section      216  tim.o(.bss)
    .bss                                     0x20000180   Section      476  usart.o(.bss)
    .bss                                     0x20000360   Section      128  gpsdecode.o(.bss)
    .bss                                     0x200003e0   Section      124  com.o(.bss)
    .bss                                     0x2000045c   Section       96  libspace.o(.bss)
    HEAP                                     0x200004c0   Section      512  startup_stm32f103xb.o(HEAP)
    Heap_Mem                                 0x200004c0   Data         512  startup_stm32f103xb.o(HEAP)
    STACK                                    0x200006c0   Section     1024  startup_stm32f103xb.o(STACK)
    Stack_Mem                                0x200006c0   Data        1024  startup_stm32f103xb.o(STACK)
    __initial_sp                             0x20000ac0   Data           0  startup_stm32f103xb.o(STACK)

    Global Symbols

    Symbol Name                              Value     Ov Type        Size  Object(Section)

    BuildAttributes$$THM_ISAv4$P$D$K$B$S$PE$A:L22UL41UL21$X:L11$S22US41US21$IEEE1$IW$USESV6$~STKCKD$USESV7$~SHL$OTIME$ROPI$IEEEJ$EBA8$UX$STANDARDLIB$REQ8$PRES8$EABIv2 0x00000000   Number         0  anon$$obj.o ABSOLUTE
    __ARM_use_no_argv                        0x00000000   Number         0  main.o ABSOLUTE
    _printf_flags                            0x00000000   Number         0  printf_stubs.o ABSOLUTE
    _printf_return_value                     0x00000000   Number         0  printf_stubs.o ABSOLUTE
    _printf_sizespec                         0x00000000   Number         0  printf_stubs.o ABSOLUTE
    _printf_widthprec                        0x00000000   Number         0  printf_stubs.o ABSOLUTE
    __ARM_exceptions_init                     - Undefined Weak Reference
    __alloca_initialize                       - Undefined Weak Reference
    __arm_preinit_                            - Undefined Weak Reference
    __cpp_initialize__aeabi_                  - Undefined Weak Reference
    __cxa_finalize                            - Undefined Weak Reference
    __sigvec_lookup                           - Undefined Weak Reference
    _atexit_init                              - Undefined Weak Reference
    _call_atexit_fns                          - Undefined Weak Reference
    _clock_init                               - Undefined Weak Reference
    _fp_trap_init                             - Undefined Weak Reference
    _fp_trap_shutdown                         - Undefined Weak Reference
    _get_lc_collate                           - Undefined Weak Reference
    _get_lc_ctype                             - Undefined Weak Reference
    _get_lc_monetary                          - Undefined Weak Reference
    _get_lc_time                              - Undefined Weak Reference
    _getenv_init                              - Undefined Weak Reference
    _handle_redirection                       - Undefined Weak Reference
    _init_alloc                               - Undefined Weak Reference
    _init_user_alloc                          - Undefined Weak Reference
    _initio                                   - Undefined Weak Reference
    _mutex_acquire                            - Undefined Weak Reference
    _mutex_release                            - Undefined Weak Reference
    _printf_mbtowc                            - Undefined Weak Reference
    _printf_truncate_signed                   - Undefined Weak Reference
    _printf_truncate_unsigned                 - Undefined Weak Reference
    _rand_init                                - Undefined Weak Reference
    _signal_finish                            - Undefined Weak Reference
    _signal_init                              - Undefined Weak Reference
    _terminate_alloc                          - Undefined Weak Reference
    _terminate_user_alloc                     - Undefined Weak Reference
    _terminateio                              - Undefined Weak Reference
    __Vectors_Size                           0x000000ec   Number         0  startup_stm32f103xb.o ABSOLUTE
    __Vectors                                0x08000000   Data           4  startup_stm32f103xb.o(RESET)
    __Vectors_End                            0x080000ec   Data           0  startup_stm32f103xb.o(RESET)
    __main                                   0x080000ed   Thumb Code     8  __main.o(!!!main)
    __scatterload                            0x080000f5   Thumb Code     0  __scatter.o(!!!scatter)
    __scatterload_rt2                        0x080000f5   Thumb Code    44  __scatter.o(!!!scatter)
    __scatterload_rt2_thumb_only             0x080000f5   Thumb Code     0  __scatter.o(!!!scatter)
    __scatterload_null                       0x08000103   Thumb Code     0  __scatter.o(!!!scatter)
    __scatterload_copy                       0x08000129   Thumb Code    26  __scatter_copy.o(!!handler_copy)
    __scatterload_zeroinit                   0x08000145   Thumb Code    28  __scatter_zi.o(!!handler_zi)
    _printf_d                                0x08000161   Thumb Code     0  _printf_d.o(.ARM.Collect$$_printf_percent$$00000009)
    _printf_percent                          0x08000161   Thumb Code     0  _printf_percent.o(.ARM.Collect$$_printf_percent$$00000000)
    _printf_percent_end                      0x08000167   Thumb Code     0  _printf_percent_end.o(.ARM.Collect$$_printf_percent$$00000017)
    __rt_lib_init                            0x0800016b   Thumb Code     0  libinit.o(.ARM.Collect$$libinit$$00000000)
    __rt_lib_init_alloca_1                   0x0800016d   Thumb Code     0  libinit2.o(.ARM.Collect$$libinit$$0000002E)
    __rt_lib_init_argv_1                     0x0800016d   Thumb Code     0  libinit2.o(.ARM.Collect$$libinit$$0000002C)
    __rt_lib_init_atexit_1                   0x0800016d   Thumb Code     0  libinit2.o(.ARM.Collect$$libinit$$0000001B)
    __rt_lib_init_clock_1                    0x0800016d   Thumb Code     0  libinit2.o(.ARM.Collect$$libinit$$00000021)
    __rt_lib_init_cpp_1                      0x0800016d   Thumb Code     0  libinit2.o(.ARM.Collect$$libinit$$00000032)
    __rt_lib_init_exceptions_1               0x0800016d   Thumb Code     0  libinit2.o(.ARM.Collect$$libinit$$00000030)
    __rt_lib_init_fp_1                       0x0800016d   Thumb Code     0  libinit2.o(.ARM.Collect$$libinit$$00000002)
    __rt_lib_init_fp_trap_1                  0x0800016d   Thumb Code     0  libinit2.o(.ARM.Collect$$libinit$$0000001F)
    __rt_lib_init_getenv_1                   0x0800016d   Thumb Code     0  libinit2.o(.ARM.Collect$$libinit$$00000023)
    __rt_lib_init_heap_1                     0x0800016d   Thumb Code     0  libinit2.o(.ARM.Collect$$libinit$$0000000A)
    __rt_lib_init_lc_collate_1               0x0800016d   Thumb Code     0  libinit2.o(.ARM.Collect$$libinit$$00000011)
    __rt_lib_init_lc_ctype_1                 0x0800016d   Thumb Code     0  libinit2.o(.ARM.Collect$$libinit$$00000013)
    __rt_lib_init_lc_monetary_1              0x0800016d   Thumb Code     0  libinit2.o(.ARM.Collect$$libinit$$00000015)
    __rt_lib_init_lc_numeric_1               0x0800016d   Thumb Code     0  libinit2.o(.ARM.Collect$$libinit$$00000017)
    __rt_lib_init_lc_time_1                  0x0800016d   Thumb Code     0  libinit2.o(.ARM.Collect$$libinit$$00000019)
    __rt_lib_init_preinit_1                  0x0800016d   Thumb Code     0  libinit2.o(.ARM.Collect$$libinit$$00000004)
    __rt_lib_init_rand_1                     0x0800016d   Thumb Code     0  libinit2.o(.ARM.Collect$$libinit$$0000000E)
    __rt_lib_init_return                     0x0800016d   Thumb Code     0  libinit2.o(.ARM.Collect$$libinit$$00000033)
    __rt_lib_init_signal_1                   0x0800016d   Thumb Code     0  libinit2.o(.ARM.Collect$$libinit$$0000001D)
    __rt_lib_init_stdio_1                    0x0800016d   Thumb Code     0  libinit2.o(.ARM.Collect$$libinit$$00000025)
    __rt_lib_init_user_alloc_1               0x0800016d   Thumb Code     0  libinit2.o(.ARM.Collect$$libinit$$0000000C)
    __rt_lib_shutdown                        0x0800016f   Thumb Code     0  libshutdown.o(.ARM.Collect$$libshutdown$$00000000)
    __rt_lib_shutdown_cpp_1                  0x08000171   Thumb Code     0  libshutdown2.o(.ARM.Collect$$libshutdown$$00000002)
    __rt_lib_shutdown_fp_trap_1              0x08000171   Thumb Code     0  libshutdown2.o(.ARM.Collect$$libshutdown$$00000007)
    __rt_lib_shutdown_heap_1                 0x08000171   Thumb Code     0  libshutdown2.o(.ARM.Collect$$libshutdown$$0000000F)
    __rt_lib_shutdown_return                 0x08000171   Thumb Code     0  libshutdown2.o(.ARM.Collect$$libshutdown$$00000010)
    __rt_lib_shutdown_signal_1               0x08000171   Thumb Code     0  libshutdown2.o(.ARM.Collect$$libshutdown$$0000000A)
    __rt_lib_shutdown_stdio_1                0x08000171   Thumb Code     0  libshutdown2.o(.ARM.Collect$$libshutdown$$00000004)
    __rt_lib_shutdown_user_alloc_1           0x08000171   Thumb Code     0  libshutdown2.o(.ARM.Collect$$libshutdown$$0000000C)
    __rt_entry                               0x08000173   Thumb Code     0  __rtentry.o(.ARM.Collect$$rtentry$$00000000)
    __rt_entry_presh_1                       0x08000173   Thumb Code     0  __rtentry2.o(.ARM.Collect$$rtentry$$00000002)
    __rt_entry_sh                            0x08000173   Thumb Code     0  __rtentry4.o(.ARM.Collect$$rtentry$$00000004)
    __rt_entry_li                            0x08000179   Thumb Code     0  __rtentry2.o(.ARM.Collect$$rtentry$$0000000A)
    __rt_entry_postsh_1                      0x08000179   Thumb Code     0  __rtentry2.o(.ARM.Collect$$rtentry$$00000009)
    __rt_entry_main                          0x0800017d   Thumb Code     0  __rtentry2.o(.ARM.Collect$$rtentry$$0000000D)
    __rt_entry_postli_1                      0x0800017d   Thumb Code     0  __rtentry2.o(.ARM.Collect$$rtentry$$0000000C)
    __rt_exit                                0x08000185   Thumb Code     0  rtexit.o(.ARM.Collect$$rtexit$$00000000)
    __rt_exit_ls                             0x08000187   Thumb Code     0  rtexit2.o(.ARM.Collect$$rtexit$$00000003)
    __rt_exit_prels_1                        0x08000187   Thumb Code     0  rtexit2.o(.ARM.Collect$$rtexit$$00000002)
    __rt_exit_exit                           0x0800018b   Thumb Code     0  rtexit2.o(.ARM.Collect$$rtexit$$00000004)
    Reset_Handler                            0x08000191   Thumb Code     8  startup_stm32f103xb.o(.text)
    ADC1_2_IRQHandler                        0x080001ab   Thumb Code     0  startup_stm32f103xb.o(.text)
    CAN1_RX1_IRQHandler                      0x080001ab   Thumb Code     0  startup_stm32f103xb.o(.text)
    CAN1_SCE_IRQHandler                      0x080001ab   Thumb Code     0  startup_stm32f103xb.o(.text)
    DMA1_Channel5_IRQHandler                 0x080001ab   Thumb Code     0  startup_stm32f103xb.o(.text)
    DMA1_Channel7_IRQHandler                 0x080001ab   Thumb Code     0  startup_stm32f103xb.o(.text)
    EXTI0_IRQHandler                         0x080001ab   Thumb Code     0  startup_stm32f103xb.o(.text)
    EXTI15_10_IRQHandler                     0x080001ab   Thumb Code     0  startup_stm32f103xb.o(.text)
    EXTI1_IRQHandler                         0x080001ab   Thumb Code     0  startup_stm32f103xb.o(.text)
    EXTI2_IRQHandler                         0x080001ab   Thumb Code     0  startup_stm32f103xb.o(.text)
    EXTI3_IRQHandler                         0x080001ab   Thumb Code     0  startup_stm32f103xb.o(.text)
    EXTI4_IRQHandler                         0x080001ab   Thumb Code     0  startup_stm32f103xb.o(.text)
    EXTI9_5_IRQHandler                       0x080001ab   Thumb Code     0  startup_stm32f103xb.o(.text)
    FLASH_IRQHandler                         0x080001ab   Thumb Code     0  startup_stm32f103xb.o(.text)
    I2C1_ER_IRQHandler                       0x080001ab   Thumb Code     0  startup_stm32f103xb.o(.text)
    I2C1_EV_IRQHandler                       0x080001ab   Thumb Code     0  startup_stm32f103xb.o(.text)
    I2C2_ER_IRQHandler                       0x080001ab   Thumb Code     0  startup_stm32f103xb.o(.text)
    I2C2_EV_IRQHandler                       0x080001ab   Thumb Code     0  startup_stm32f103xb.o(.text)
    PVD_IRQHandler                           0x080001ab   Thumb Code     0  startup_stm32f103xb.o(.text)
    RCC_IRQHandler                           0x080001ab   Thumb Code     0  startup_stm32f103xb.o(.text)
    RTC_Alarm_IRQHandler                     0x080001ab   Thumb Code     0  startup_stm32f103xb.o(.text)
    RTC_IRQHandler                           0x080001ab   Thumb Code     0  startup_stm32f103xb.o(.text)
    SPI1_IRQHandler                          0x080001ab   Thumb Code     0  startup_stm32f103xb.o(.text)
    SPI2_IRQHandler                          0x080001ab   Thumb Code     0  startup_stm32f103xb.o(.text)
    TAMPER_IRQHandler                        0x080001ab   Thumb Code     0  startup_stm32f103xb.o(.text)
    TIM1_BRK_IRQHandler                      0x080001ab   Thumb Code     0  startup_stm32f103xb.o(.text)
    TIM1_CC_IRQHandler                       0x080001ab   Thumb Code     0  startup_stm32f103xb.o(.text)
    TIM1_TRG_COM_IRQHandler                  0x080001ab   Thumb Code     0  startup_stm32f103xb.o(.text)
    TIM1_UP_IRQHandler                       0x080001ab   Thumb Code     0  startup_stm32f103xb.o(.text)
    TIM3_IRQHandler                          0x080001ab   Thumb Code     0  startup_stm32f103xb.o(.text)
    TIM4_IRQHandler                          0x080001ab   Thumb Code     0  startup_stm32f103xb.o(.text)
    USART1_IRQHandler                        0x080001ab   Thumb Code     0  startup_stm32f103xb.o(.text)
    USART3_IRQHandler                        0x080001ab   Thumb Code     0  startup_stm32f103xb.o(.text)
    USBWakeUp_IRQHandler                     0x080001ab   Thumb Code     0  startup_stm32f103xb.o(.text)
    USB_HP_CAN1_TX_IRQHandler                0x080001ab   Thumb Code     0  startup_stm32f103xb.o(.text)
    USB_LP_CAN1_RX0_IRQHandler               0x080001ab   Thumb Code     0  startup_stm32f103xb.o(.text)
    WWDG_IRQHandler                          0x080001ab   Thumb Code     0  startup_stm32f103xb.o(.text)
    __user_initial_stackheap                 0x080001ad   Thumb Code     0  startup_stm32f103xb.o(.text)
    __use_no_semihosting                     0x080001d1   Thumb Code     2  use_no_semi_2.o(.text)
    __2printf                                0x080001d5   Thumb Code    20  noretval__2printf.o(.text)
    _printf_int_dec                          0x080001ed   Thumb Code   104  _printf_dec.o(.text)
    __printf                                 0x08000265   Thumb Code   388  __printf_flags_ss_wp.o(.text)
    __aeabi_memclr4                          0x080003ed   Thumb Code     0  rt_memclr_w.o(.text)
    __aeabi_memclr8                          0x080003ed   Thumb Code     0  rt_memclr_w.o(.text)
    __rt_memclr_w                            0x080003ed   Thumb Code    78  rt_memclr_w.o(.text)
    _memset_w                                0x080003f1   Thumb Code     0  rt_memclr_w.o(.text)
    __use_two_region_memory                  0x0800043b   Thumb Code     2  heapauxi.o(.text)
    __rt_heap_escrow$2region                 0x0800043d   Thumb Code     2  heapauxi.o(.text)
    __rt_heap_expand$2region                 0x0800043f   Thumb Code     2  heapauxi.o(.text)
    __I$use$semihosting                      0x08000441   Thumb Code     0  use_no_semi.o(.text)
    __use_no_semihosting_swi                 0x08000441   Thumb Code     2  use_no_semi.o(.text)
    _printf_int_common                       0x08000443   Thumb Code   178  _printf_intcommon.o(.text)
    _printf_char_file                        0x080004f5   Thumb Code    32  _printf_char_file.o(.text)
    _printf_char_common                      0x08000523   Thumb Code    32  _printf_char_common.o(.text)
    ferror                                   0x08000549   Thumb Code     8  ferror.o(.text)
    __user_libspace                          0x08000551   Thumb Code     8  libspace.o(.text)
    __user_perproc_libspace                  0x08000551   Thumb Code     0  libspace.o(.text)
    __user_perthread_libspace                0x08000551   Thumb Code     0  libspace.o(.text)
    __user_setup_stackheap                   0x08000559   Thumb Code    74  sys_stackheap_outer.o(.text)
    exit                                     0x080005a3   Thumb Code    18  exit.o(.text)
    ADC_ConversionStop_Disable               0x080005b5   Thumb Code    86  stm32f1xx_hal_adc.o(i.ADC_ConversionStop_Disable)
    ADC_DMAConvCplt                          0x0800060b   Thumb Code    78  stm32f1xx_hal_adc.o(i.ADC_DMAConvCplt)
    ADC_DMAError                             0x08000659   Thumb Code    26  stm32f1xx_hal_adc.o(i.ADC_DMAError)
    ADC_DMAHalfConvCplt                      0x08000673   Thumb Code    10  stm32f1xx_hal_adc.o(i.ADC_DMAHalfConvCplt)
    ADC_Enable                               0x0800067d   Thumb Code   114  stm32f1xx_hal_adc.o(i.ADC_Enable)
    ActionCtrl_Handle                        0x080006f9   Thumb Code    82  higherctrl.o(i.ActionCtrl_Handle)
    BusFault_Handler                         0x08000751   Thumb Code     2  stm32f1xx_it.o(i.BusFault_Handler)
    DMA1_Channel1_IRQHandler                 0x08000755   Thumb Code     6  stm32f1xx_it.o(i.DMA1_Channel1_IRQHandler)
    DMA1_Channel2_IRQHandler                 0x08000761   Thumb Code     6  stm32f1xx_it.o(i.DMA1_Channel2_IRQHandler)
    DMA1_Channel3_IRQHandler                 0x0800076d   Thumb Code     6  stm32f1xx_it.o(i.DMA1_Channel3_IRQHandler)
    DMA1_Channel4_IRQHandler                 0x08000779   Thumb Code     6  stm32f1xx_it.o(i.DMA1_Channel4_IRQHandler)
    DMA1_Channel6_IRQHandler                 0x08000785   Thumb Code     6  stm32f1xx_it.o(i.DMA1_Channel6_IRQHandler)
    DebugMon_Handler                         0x080007bb   Thumb Code     2  stm32f1xx_it.o(i.DebugMon_Handler)
    Error_Handler                            0x080007bd   Thumb Code     4  main.o(i.Error_Handler)
    GetInfo_Dispose                          0x080007c1   Thumb Code   140  com.o(i.GetInfo_Dispose)
    GetInfo_Init                             0x080008a9   Thumb Code    42  com.o(i.GetInfo_Init)
    HAL_ADC_ConfigChannel                    0x080008dd   Thumb Code   240  stm32f1xx_hal_adc.o(i.HAL_ADC_ConfigChannel)
    HAL_ADC_ConvCpltCallback                 0x080009d9   Thumb Code     2  stm32f1xx_hal_adc.o(i.HAL_ADC_ConvCpltCallback)
    HAL_ADC_ConvHalfCpltCallback             0x080009db   Thumb Code     2  stm32f1xx_hal_adc.o(i.HAL_ADC_ConvHalfCpltCallback)
    HAL_ADC_ErrorCallback                    0x080009dd   Thumb Code     2  stm32f1xx_hal_adc.o(i.HAL_ADC_ErrorCallback)
    HAL_ADC_Init                             0x080009e1   Thumb Code   272  stm32f1xx_hal_adc.o(i.HAL_ADC_Init)
    HAL_ADC_MspInit                          0x08000afd   Thumb Code   122  adc.o(i.HAL_ADC_MspInit)
    HAL_ADC_Start_DMA                        0x08000b8d   Thumb Code   246  stm32f1xx_hal_adc.o(i.HAL_ADC_Start_DMA)
    HAL_DMA_Abort                            0x08000c99   Thumb Code    70  stm32f1xx_hal_dma.o(i.HAL_DMA_Abort)
    HAL_DMA_Abort_IT                         0x08000ce1   Thumb Code   148  stm32f1xx_hal_dma.o(i.HAL_DMA_Abort_IT)
    HAL_DMA_IRQHandler                       0x08000d79   Thumb Code   316  stm32f1xx_hal_dma.o(i.HAL_DMA_IRQHandler)
    HAL_DMA_Init                             0x08000ecd   Thumb Code    84  stm32f1xx_hal_dma.o(i.HAL_DMA_Init)
    HAL_DMA_Start_IT                         0x08000f29   Thumb Code   112  stm32f1xx_hal_dma.o(i.HAL_DMA_Start_IT)
    HAL_Delay                                0x08000f99   Thumb Code    32  stm32f1xx_hal.o(i.HAL_Delay)
    HAL_GPIO_Init                            0x08000fbd   Thumb Code   446  stm32f1xx_hal_gpio.o(i.HAL_GPIO_Init)
    HAL_GPIO_WritePin                        0x0800119d   Thumb Code    10  stm32f1xx_hal_gpio.o(i.HAL_GPIO_WritePin)
    HAL_GetTick                              0x080011a9   Thumb Code     6  stm32f1xx_hal.o(i.HAL_GetTick)
    HAL_IncTick                              0x080011b5   Thumb Code    12  stm32f1xx_hal.o(i.HAL_IncTick)
    HAL_Init                                 0x080011c5   Thumb Code    32  stm32f1xx_hal.o(i.HAL_Init)
    HAL_InitTick                             0x080011e9   Thumb Code    54  stm32f1xx_hal.o(i.HAL_InitTick)
    HAL_MspInit                              0x08001229   Thumb Code    52  stm32f1xx_hal_msp.o(i.HAL_MspInit)
    HAL_NVIC_EnableIRQ                       0x08001265   Thumb Code    26  stm32f1xx_hal_cortex.o(i.HAL_NVIC_EnableIRQ)
    HAL_NVIC_SetPriority                     0x08001281   Thumb Code    60  stm32f1xx_hal_cortex.o(i.HAL_NVIC_SetPriority)
    HAL_NVIC_SetPriorityGrouping             0x080012c1   Thumb Code    26  stm32f1xx_hal_cortex.o(i.HAL_NVIC_SetPriorityGrouping)
    HAL_RCCEx_PeriphCLKConfig                0x080012e5   Thumb Code   224  stm32f1xx_hal_rcc_ex.o(i.HAL_RCCEx_PeriphCLKConfig)
    HAL_RCC_ClockConfig                      0x080013d1   Thumb Code   280  stm32f1xx_hal_rcc.o(i.HAL_RCC_ClockConfig)
    HAL_RCC_GetPCLK1Freq                     0x080014fd   Thumb Code    20  stm32f1xx_hal_rcc.o(i.HAL_RCC_GetPCLK1Freq)
    HAL_RCC_GetPCLK2Freq                     0x0800151d   Thumb Code    20  stm32f1xx_hal_rcc.o(i.HAL_RCC_GetPCLK2Freq)
    HAL_RCC_GetSysClockFreq                  0x0800153d   Thumb Code    74  stm32f1xx_hal_rcc.o(i.HAL_RCC_GetSysClockFreq)
    HAL_RCC_OscConfig                        0x080015a9   Thumb Code   778  stm32f1xx_hal_rcc.o(i.HAL_RCC_OscConfig)
    HAL_SYSTICK_Config                       0x080018c9   Thumb Code    40  stm32f1xx_hal_cortex.o(i.HAL_SYSTICK_Config)
    HAL_TIMEx_BreakCallback                  0x080018f1   Thumb Code     2  stm32f1xx_hal_tim_ex.o(i.HAL_TIMEx_BreakCallback)
    HAL_TIMEx_CommutCallback                 0x080018f3   Thumb Code     2  stm32f1xx_hal_tim_ex.o(i.HAL_TIMEx_CommutCallback)
    HAL_TIMEx_MasterConfigSynchronization    0x080018f5   Thumb Code    92  stm32f1xx_hal_tim_ex.o(i.HAL_TIMEx_MasterConfigSynchronization)
    HAL_TIM_Base_Init                        0x0800195d   Thumb Code    90  stm32f1xx_hal_tim.o(i.HAL_TIM_Base_Init)
    HAL_TIM_Base_MspInit                     0x080019b9   Thumb Code    72  tim.o(i.HAL_TIM_Base_MspInit)
    HAL_TIM_ConfigClockSource                0x08001a09   Thumb Code   214  stm32f1xx_hal_tim.o(i.HAL_TIM_ConfigClockSource)
    HAL_TIM_IC_CaptureCallback               0x08001adf   Thumb Code     2  stm32f1xx_hal_tim.o(i.HAL_TIM_IC_CaptureCallback)
    HAL_TIM_IRQHandler                       0x08001ae1   Thumb Code   358  stm32f1xx_hal_tim.o(i.HAL_TIM_IRQHandler)
    HAL_TIM_MspPostInit                      0x08001c49   Thumb Code    90  tim.o(i.HAL_TIM_MspPostInit)
    HAL_TIM_OC_DelayElapsedCallback          0x08001cb5   Thumb Code     2  stm32f1xx_hal_tim.o(i.HAL_TIM_OC_DelayElapsedCallback)
    HAL_TIM_PWM_ConfigChannel                0x08001cb7   Thumb Code   198  stm32f1xx_hal_tim.o(i.HAL_TIM_PWM_ConfigChannel)
    HAL_TIM_PWM_Init                         0x08001d7d   Thumb Code    90  stm32f1xx_hal_tim.o(i.HAL_TIM_PWM_Init)
    HAL_TIM_PWM_MspInit                      0x08001dd9   Thumb Code    30  tim.o(i.HAL_TIM_PWM_MspInit)
    HAL_TIM_PWM_PulseFinishedCallback        0x08001e01   Thumb Code     2  stm32f1xx_hal_tim.o(i.HAL_TIM_PWM_PulseFinishedCallback)
    HAL_TIM_PWM_Start                        0x08001e05   Thumb Code   144  stm32f1xx_hal_tim.o(i.HAL_TIM_PWM_Start)
    HAL_TIM_PeriodElapsedCallback            0x08001ea1   Thumb Code    16  main.o(i.HAL_TIM_PeriodElapsedCallback)
    HAL_TIM_TriggerCallback                  0x08001eb5   Thumb Code     2  stm32f1xx_hal_tim.o(i.HAL_TIM_TriggerCallback)
    HAL_UARTEx_RxEventCallback               0x08001eb7   Thumb Code     2  stm32f1xx_hal_uart.o(i.HAL_UARTEx_RxEventCallback)
    HAL_UART_ErrorCallback                   0x08001eb9   Thumb Code     2  stm32f1xx_hal_uart.o(i.HAL_UART_ErrorCallback)
    HAL_UART_IRQHandler                      0x08001ebd   Thumb Code   520  stm32f1xx_hal_uart.o(i.HAL_UART_IRQHandler)
    HAL_UART_Init                            0x080020c9   Thumb Code    98  stm32f1xx_hal_uart.o(i.HAL_UART_Init)
    HAL_UART_MspInit                         0x0800212d   Thumb Code   430  usart.o(i.HAL_UART_MspInit)
    HAL_UART_Receive_DMA                     0x080022fd   Thumb Code    42  stm32f1xx_hal_uart.o(i.HAL_UART_Receive_DMA)
    HAL_UART_RxCpltCallback                  0x08002329   Thumb Code    50  main.o(i.HAL_UART_RxCpltCallback)
    HAL_UART_RxHalfCpltCallback              0x08002385   Thumb Code     2  stm32f1xx_hal_uart.o(i.HAL_UART_RxHalfCpltCallback)
    HAL_UART_Transmit                        0x08002389   Thumb Code   178  stm32f1xx_hal_uart.o(i.HAL_UART_Transmit)
    HAL_UART_TxCpltCallback                  0x0800243b   Thumb Code     2  stm32f1xx_hal_uart.o(i.HAL_UART_TxCpltCallback)
    HardFault_Handler                        0x0800243d   Thumb Code     2  stm32f1xx_it.o(i.HardFault_Handler)
    MX_ADC1_Init                             0x08002441   Thumb Code    92  adc.o(i.MX_ADC1_Init)
    MX_DMA_Init                              0x080024a5   Thumb Code   104  dma.o(i.MX_DMA_Init)
    MX_GPIO_Init                             0x08002511   Thumb Code   120  gpio.o(i.MX_GPIO_Init)
    MX_TIM2_Init                             0x08002591   Thumb Code    98  tim.o(i.MX_TIM2_Init)
    MX_TIM3_Init                             0x080025f9   Thumb Code   162  tim.o(i.MX_TIM3_Init)
    MX_TIM4_Init                             0x080026a5   Thumb Code   136  tim.o(i.MX_TIM4_Init)
    MX_USART1_UART_Init                      0x08002735   Thumb Code    48  usart.o(i.MX_USART1_UART_Init)
    MX_USART2_UART_Init                      0x0800276d   Thumb Code    48  usart.o(i.MX_USART2_UART_Init)
    MX_USART3_UART_Init                      0x080027a5   Thumb Code    48  usart.o(i.MX_USART3_UART_Init)
    MemManage_Handler                        0x080027dd   Thumb Code     2  stm32f1xx_it.o(i.MemManage_Handler)
    MotorCtrl                                0x080027e1   Thumb Code   138  higherctrl.o(i.MotorCtrl)
    NMI_Handler                              0x08002875   Thumb Code     2  stm32f1xx_it.o(i.NMI_Handler)
    PendSV_Handler                           0x08002877   Thumb Code     2  stm32f1xx_it.o(i.PendSV_Handler)
    PumpCtrl                                 0x08002879   Thumb Code    18  higherctrl.o(i.PumpCtrl)
    SVC_Handler                              0x08002891   Thumb Code     2  stm32f1xx_it.o(i.SVC_Handler)
    SendInfo_Send                            0x08002895   Thumb Code   240  com.o(i.SendInfo_Send)
    SysTick_Handler                          0x08002991   Thumb Code     4  stm32f1xx_it.o(i.SysTick_Handler)
    SystemClock_Config                       0x08002995   Thumb Code   120  main.o(i.SystemClock_Config)
    SystemInit                               0x08002a0d   Thumb Code     2  system_stm32f1xx.o(i.SystemInit)
    TIM2_IRQHandler                          0x08002a11   Thumb Code     6  stm32f1xx_it.o(i.TIM2_IRQHandler)
    TIM_Base_SetConfig                       0x08002a1d   Thumb Code    94  stm32f1xx_hal_tim.o(i.TIM_Base_SetConfig)
    TIM_CCxChannelCmd                        0x08002a89   Thumb Code    26  stm32f1xx_hal_tim.o(i.TIM_CCxChannelCmd)
    TIM_ETR_SetConfig                        0x08002aa3   Thumb Code    20  stm32f1xx_hal_tim.o(i.TIM_ETR_SetConfig)
    TIM_OC2_SetConfig                        0x08002b19   Thumb Code    84  stm32f1xx_hal_tim.o(i.TIM_OC2_SetConfig)
    UART_Start_Receive_DMA                   0x08002ed1   Thumb Code    98  stm32f1xx_hal_uart.o(i.UART_Start_Receive_DMA)
    USART2_IRQHandler                        0x08002fa5   Thumb Code     6  stm32f1xx_it.o(i.USART2_IRQHandler)
    UsageFault_Handler                       0x08002fb1   Thumb Code     2  stm32f1xx_it.o(i.UsageFault_Handler)
    _is_digit                                0x08002fd3   Thumb Code    14  __printf_wp.o(i._is_digit)
    _sys_exit                                0x08002fe1   Thumb Code     2  usart.o(i._sys_exit)
    decodeChar                               0x08002fe5   Thumb Code   152  gpsdecode.o(i.decodeChar)
    decodeGPS                                0x08003085   Thumb Code   308  gpsdecode.o(i.decodeGPS)
    decodeGPS_fakeHandle                     0x080031cd   Thumb Code   192  gpsdecode.o(i.decodeGPS_fakeHandle)
    fputc                                    0x080032ad   Thumb Code    18  usart.o(i.fputc)
    higherCtrl_Handle                        0x080032c5   Thumb Code    22  higherctrl.o(i.higherCtrl_Handle)
    higherCtrl_Init                          0x080032e1   Thumb Code    96  higherctrl.o(i.higherCtrl_Init)
    main                                     0x08003355   Thumb Code   100  main.o(i.main)
    updateInformation_Handle                 0x080033d5   Thumb Code   102  higherctrl.o(i.updateInformation_Handle)
    __aeabi_dadd                             0x08003451   Thumb Code     0  daddsub_clz.o(x$fpl$dadd)
    _dadd                                    0x08003451   Thumb Code   332  daddsub_clz.o(x$fpl$dadd)
    __aeabi_i2d                              0x080035a1   Thumb Code     0  dflt_clz.o(x$fpl$dflt)
    _dflt                                    0x080035a1   Thumb Code    46  dflt_clz.o(x$fpl$dflt)
    __aeabi_dmul                             0x080035d1   Thumb Code     0  dmul.o(x$fpl$dmul)
    _dmul                                    0x080035d1   Thumb Code   332  dmul.o(x$fpl$dmul)
    __fpl_dnaninf                            0x08003725   Thumb Code   156  dnaninf.o(x$fpl$dnaninf)
    __fpl_dretinf                            0x080037c1   Thumb Code    12  dretinf.o(x$fpl$dretinf)
    __aeabi_dsub                             0x080037cd   Thumb Code     0  daddsub_clz.o(x$fpl$dsub)
    _dsub                                    0x080037cd   Thumb Code   464  daddsub_clz.o(x$fpl$dsub)
    __aeabi_ui2f                             0x080039a1   Thumb Code     0  fflt_clz.o(x$fpl$ffltu)
    _ffltu                                   0x080039a1   Thumb Code    38  fflt_clz.o(x$fpl$ffltu)
    AHBPrescTable                            0x080039c6   Data          16  system_stm32f1xx.o(.constdata)
    __I$use$fp                               0x080039c6   Number         0  usenofp.o(x$fpl$usenofp)
    APBPrescTable                            0x080039d6   Data           8  system_stm32f1xx.o(.constdata)
    Region$$Table$$Base                      0x080039f0   Number         0  anon$$obj.o(Region$$Table)
    Region$$Table$$Limit                     0x08003a10   Number         0  anon$$obj.o(Region$$Table)
    ADC_RecvBuff                             0x20000000   Data           4  main.o(.data)
    __stdout                                 0x20000004   Data           4  usart.o(.data)
    uwTickFreq                               0x20000008   Data           1  stm32f1xx_hal.o(.data)
    uwTickPrio                               0x2000000c   Data           4  stm32f1xx_hal.o(.data)
    uwTick                                   0x20000010   Data           4  stm32f1xx_hal.o(.data)
    SystemCoreClock                          0x20000014   Data           4  system_stm32f1xx.o(.data)
    IsdecodeInit                             0x20000018   Data           1  gpsdecode.o(.data)
    FtoU8                                    0x20000020   Data           4  com.o(.data)
    LFtoU8                                   0x20000028   Data           8  com.o(.data)
    mainPower                                0x20000030   Data           1  higherctrl.o(.data)
    mainERRcode                              0x20000031   Data           1  higherctrl.o(.data)
    hadc1                                    0x20000034   Data          48  adc.o(.bss)
    hdma_adc1                                0x20000064   Data          68  adc.o(.bss)
    htim2                                    0x200000a8   Data          72  tim.o(.bss)
    htim3                                    0x200000f0   Data          72  tim.o(.bss)
    htim4                                    0x20000138   Data          72  tim.o(.bss)
    huart1                                   0x20000180   Data          68  usart.o(.bss)
    huart2                                   0x200001c4   Data          68  usart.o(.bss)
    huart3                                   0x20000208   Data          68  usart.o(.bss)
    hdma_usart1_tx                           0x2000024c   Data          68  usart.o(.bss)
    hdma_usart2_rx                           0x20000290   Data          68  usart.o(.bss)
    hdma_usart3_rx                           0x200002d4   Data          68  usart.o(.bss)
    hdma_usart3_tx                           0x20000318   Data          68  usart.o(.bss)
    GPS_data                                 0x20000360   Data         128  gpsdecode.o(.bss)
    SendInfo                                 0x200003e0   Data          96  com.o(.bss)
    GetInfo                                  0x20000440   Data          28  com.o(.bss)
    __libspace_start                         0x2000045c   Data          96  libspace.o(.bss)
    __temporary_stack_top$libspace           0x200004bc   Data           0  libspace.o(.bss)



==============================================================================

Memory Map of the image

  Image Entry point : 0x080000ed

  Load Region LR_IROM1 (Base: 0x08000000, Size: 0x00003a44, Max: 0x00010000, ABSOLUTE)

    Execution Region ER_IROM1 (Base: 0x08000000, Size: 0x00003a10, Max: 0x00010000, ABSOLUTE)

    Base Addr    Size         Type   Attr      Idx    E Section Name        Object

    0x08000000   0x000000ec   Data   RO            3    RESET               startup_stm32f103xb.o
    0x080000ec   0x00000008   Code   RO         3443  * !!!main             c_w.l(__main.o)
    0x080000f4   0x00000034   Code   RO         3695    !!!scatter          c_w.l(__scatter.o)
    0x08000128   0x0000001a   Code   RO         3697    !!handler_copy      c_w.l(__scatter_copy.o)
    0x08000142   0x00000002   PAD
    0x08000144   0x0000001c   Code   RO         3699    !!handler_zi        c_w.l(__scatter_zi.o)
    0x08000160   0x00000000   Code   RO         3438    .ARM.Collect$$_printf_percent$$00000000  c_w.l(_printf_percent.o)
    0x08000160   0x00000006   Code   RO         3436    .ARM.Collect$$_printf_percent$$00000009  c_w.l(_printf_d.o)
    0x08000166   0x00000004   Code   RO         3484    .ARM.Collect$$_printf_percent$$00000017  c_w.l(_printf_percent_end.o)
    0x0800016a   0x00000002   Code   RO         3572    .ARM.Collect$$libinit$$00000000  c_w.l(libinit.o)
    0x0800016c   0x00000000   Code   RO         3574    .ARM.Collect$$libinit$$00000002  c_w.l(libinit2.o)
    0x0800016c   0x00000000   Code   RO         3576    .ARM.Collect$$libinit$$00000004  c_w.l(libinit2.o)
    0x0800016c   0x00000000   Code   RO         3579    .ARM.Collect$$libinit$$0000000A  c_w.l(libinit2.o)
    0x0800016c   0x00000000   Code   RO         3581    .ARM.Collect$$libinit$$0000000C  c_w.l(libinit2.o)
    0x0800016c   0x00000000   Code   RO         3583    .ARM.Collect$$libinit$$0000000E  c_w.l(libinit2.o)
    0x0800016c   0x00000000   Code   RO         3586    .ARM.Collect$$libinit$$00000011  c_w.l(libinit2.o)
    0x0800016c   0x00000000   Code   RO         3588    .ARM.Collect$$libinit$$00000013  c_w.l(libinit2.o)
    0x0800016c   0x00000000   Code   RO         3590    .ARM.Collect$$libinit$$00000015  c_w.l(libinit2.o)
    0x0800016c   0x00000000   Code   RO         3592    .ARM.Collect$$libinit$$00000017  c_w.l(libinit2.o)
    0x0800016c   0x00000000   Code   RO         3594    .ARM.Collect$$libinit$$00000019  c_w.l(libinit2.o)
    0x0800016c   0x00000000   Code   RO         3596    .ARM.Collect$$libinit$$0000001B  c_w.l(libinit2.o)
    0x0800016c   0x00000000   Code   RO         3598    .ARM.Collect$$libinit$$0000001D  c_w.l(libinit2.o)
    0x0800016c   0x00000000   Code   RO         3600    .ARM.Collect$$libinit$$0000001F  c_w.l(libinit2.o)
    0x0800016c   0x00000000   Code   RO         3602    .ARM.Collect$$libinit$$00000021  c_w.l(libinit2.o)
    0x0800016c   0x00000000   Code   RO         3604    .ARM.Collect$$libinit$$00000023  c_w.l(libinit2.o)
    0x0800016c   0x00000000   Code   RO         3606    .ARM.Collect$$libinit$$00000025  c_w.l(libinit2.o)
    0x0800016c   0x00000000   Code   RO         3610    .ARM.Collect$$libinit$$0000002C  c_w.l(libinit2.o)
    0x0800016c   0x00000000   Code   RO         3612    .ARM.Collect$$libinit$$0000002E  c_w.l(libinit2.o)
    0x0800016c   0x00000000   Code   RO         3614    .ARM.Collect$$libinit$$00000030  c_w.l(libinit2.o)
    0x0800016c   0x00000000   Code   RO         3616    .ARM.Collect$$libinit$$00000032  c_w.l(libinit2.o)
    0x0800016c   0x00000002   Code   RO         3617    .ARM.Collect$$libinit$$00000033  c_w.l(libinit2.o)
    0x0800016e   0x00000002   Code   RO         3645    .ARM.Collect$$libshutdown$$00000000  c_w.l(libshutdown.o)
    0x08000170   0x00000000   Code   RO         3654    .ARM.Collect$$libshutdown$$00000002  c_w.l(libshutdown2.o)
    0x08000170   0x00000000   Code   RO         3656    .ARM.Collect$$libshutdown$$00000004  c_w.l(libshutdown2.o)
    0x08000170   0x00000000   Code   RO         3659    .ARM.Collect$$libshutdown$$00000007  c_w.l(libshutdown2.o)
    0x08000170   0x00000000   Code   RO         3662    .ARM.Collect$$libshutdown$$0000000A  c_w.l(libshutdown2.o)
    0x08000170   0x00000000   Code   RO         3664    .ARM.Collect$$libshutdown$$0000000C  c_w.l(libshutdown2.o)
    0x08000170   0x00000000   Code   RO         3667    .ARM.Collect$$libshutdown$$0000000F  c_w.l(libshutdown2.o)
    0x08000170   0x00000002   Code   RO         3668    .ARM.Collect$$libshutdown$$00000010  c_w.l(libshutdown2.o)
    0x08000172   0x00000000   Code   RO         3475    .ARM.Collect$$rtentry$$00000000  c_w.l(__rtentry.o)
    0x08000172   0x00000000   Code   RO         3495    .ARM.Collect$$rtentry$$00000002  c_w.l(__rtentry2.o)
    0x08000172   0x00000006   Code   RO         3507    .ARM.Collect$$rtentry$$00000004  c_w.l(__rtentry4.o)
    0x08000178   0x00000000   Code   RO         3497    .ARM.Collect$$rtentry$$00000009  c_w.l(__rtentry2.o)
    0x08000178   0x00000004   Code   RO         3498    .ARM.Collect$$rtentry$$0000000A  c_w.l(__rtentry2.o)
    0x0800017c   0x00000000   Code   RO         3500    .ARM.Collect$$rtentry$$0000000C  c_w.l(__rtentry2.o)
    0x0800017c   0x00000008   Code   RO         3501    .ARM.Collect$$rtentry$$0000000D  c_w.l(__rtentry2.o)
    0x08000184   0x00000002   Code   RO         3618    .ARM.Collect$$rtexit$$00000000  c_w.l(rtexit.o)
    0x08000186   0x00000000   Code   RO         3625    .ARM.Collect$$rtexit$$00000002  c_w.l(rtexit2.o)
    0x08000186   0x00000004   Code   RO         3626    .ARM.Collect$$rtexit$$00000003  c_w.l(rtexit2.o)
    0x0800018a   0x00000006   Code   RO         3627    .ARM.Collect$$rtexit$$00000004  c_w.l(rtexit2.o)
    0x08000190   0x00000040   Code   RO            4    .text               startup_stm32f103xb.o
    0x080001d0   0x00000002   Code   RO         3399    .text               c_w.l(use_no_semi_2.o)
    0x080001d2   0x00000002   PAD
    0x080001d4   0x00000018   Code   RO         3405    .text               c_w.l(noretval__2printf.o)
    0x080001ec   0x00000078   Code   RO         3413    .text               c_w.l(_printf_dec.o)
    0x08000264   0x00000188   Code   RO         3432    .text               c_w.l(__printf_flags_ss_wp.o)
    0x080003ec   0x0000004e   Code   RO         3439    .text               c_w.l(rt_memclr_w.o)
    0x0800043a   0x00000006   Code   RO         3441    .text               c_w.l(heapauxi.o)
    0x08000440   0x00000002   Code   RO         3473    .text               c_w.l(use_no_semi.o)
    0x08000442   0x000000b2   Code   RO         3476    .text               c_w.l(_printf_intcommon.o)
    0x080004f4   0x00000024   Code   RO         3482    .text               c_w.l(_printf_char_file.o)
    0x08000518   0x00000030   Code   RO         3516    .text               c_w.l(_printf_char_common.o)
    0x08000548   0x00000008   Code   RO         3545    .text               c_w.l(ferror.o)
    0x08000550   0x00000008   Code   RO         3556    .text               c_w.l(libspace.o)
    0x08000558   0x0000004a   Code   RO         3559    .text               c_w.l(sys_stackheap_outer.o)
    0x080005a2   0x00000012   Code   RO         3563    .text               c_w.l(exit.o)
    0x080005b4   0x00000056   Code   RO          612    i.ADC_ConversionStop_Disable  stm32f1xx_hal_adc.o
    0x0800060a   0x0000004e   Code   RO          613    i.ADC_DMAConvCplt   stm32f1xx_hal_adc.o
    0x08000658   0x0000001a   Code   RO          614    i.ADC_DMAError      stm32f1xx_hal_adc.o
    0x08000672   0x0000000a   Code   RO          615    i.ADC_DMAHalfConvCplt  stm32f1xx_hal_adc.o
    0x0800067c   0x0000007c   Code   RO          616    i.ADC_Enable        stm32f1xx_hal_adc.o
    0x080006f8   0x00000058   Code   RO         3337    i.ActionCtrl_Handle  higherctrl.o
    0x08000750   0x00000002   Code   RO          434    i.BusFault_Handler  stm32f1xx_it.o
    0x08000752   0x00000002   PAD
    0x08000754   0x0000000c   Code   RO          435    i.DMA1_Channel1_IRQHandler  stm32f1xx_it.o
    0x08000760   0x0000000c   Code   RO          436    i.DMA1_Channel2_IRQHandler  stm32f1xx_it.o
    0x0800076c   0x0000000c   Code   RO          437    i.DMA1_Channel3_IRQHandler  stm32f1xx_it.o
    0x08000778   0x0000000c   Code   RO          438    i.DMA1_Channel4_IRQHandler  stm32f1xx_it.o
    0x08000784   0x0000000c   Code   RO          439    i.DMA1_Channel6_IRQHandler  stm32f1xx_it.o
    0x08000790   0x0000002a   Code   RO         1266    i.DMA_SetConfig     stm32f1xx_hal_dma.o
    0x080007ba   0x00000002   Code   RO          440    i.DebugMon_Handler  stm32f1xx_it.o
    0x080007bc   0x00000004   Code   RO           13    i.Error_Handler     main.o
    0x080007c0   0x000000e8   Code   RO         3288    i.GetInfo_Dispose   com.o
    0x080008a8   0x00000034   Code   RO         3289    i.GetInfo_Init      com.o
    0x080008dc   0x000000fc   Code   RO          618    i.HAL_ADC_ConfigChannel  stm32f1xx_hal_adc.o
    0x080009d8   0x00000002   Code   RO          619    i.HAL_ADC_ConvCpltCallback  stm32f1xx_hal_adc.o
    0x080009da   0x00000002   Code   RO          620    i.HAL_ADC_ConvHalfCpltCallback  stm32f1xx_hal_adc.o
    0x080009dc   0x00000002   Code   RO          622    i.HAL_ADC_ErrorCallback  stm32f1xx_hal_adc.o
    0x080009de   0x00000002   PAD
    0x080009e0   0x0000011c   Code   RO          627    i.HAL_ADC_Init      stm32f1xx_hal_adc.o
    0x08000afc   0x00000090   Code   RO          226    i.HAL_ADC_MspInit   adc.o
    0x08000b8c   0x0000010c   Code   RO          634    i.HAL_ADC_Start_DMA  stm32f1xx_hal_adc.o
    0x08000c98   0x00000046   Code   RO         1267    i.HAL_DMA_Abort     stm32f1xx_hal_dma.o
    0x08000cde   0x00000002   PAD
    0x08000ce0   0x00000098   Code   RO         1268    i.HAL_DMA_Abort_IT  stm32f1xx_hal_dma.o
    0x08000d78   0x00000154   Code   RO         1272    i.HAL_DMA_IRQHandler  stm32f1xx_hal_dma.o
    0x08000ecc   0x0000005c   Code   RO         1273    i.HAL_DMA_Init      stm32f1xx_hal_dma.o
    0x08000f28   0x00000070   Code   RO         1277    i.HAL_DMA_Start_IT  stm32f1xx_hal_dma.o
    0x08000f98   0x00000024   Code   RO          895    i.HAL_Delay         stm32f1xx_hal.o
    0x08000fbc   0x000001e0   Code   RO         1203    i.HAL_GPIO_Init     stm32f1xx_hal_gpio.o
    0x0800119c   0x0000000a   Code   RO         1207    i.HAL_GPIO_WritePin  stm32f1xx_hal_gpio.o
    0x080011a6   0x00000002   PAD
    0x080011a8   0x0000000c   Code   RO          899    i.HAL_GetTick       stm32f1xx_hal.o
    0x080011b4   0x00000010   Code   RO          905    i.HAL_IncTick       stm32f1xx_hal.o
    0x080011c4   0x00000024   Code   RO          906    i.HAL_Init          stm32f1xx_hal.o
    0x080011e8   0x00000040   Code   RO          907    i.HAL_InitTick      stm32f1xx_hal.o
    0x08001228   0x0000003c   Code   RO          552    i.HAL_MspInit       stm32f1xx_hal_msp.o
    0x08001264   0x0000001a   Code   RO         1363    i.HAL_NVIC_EnableIRQ  stm32f1xx_hal_cortex.o
    0x0800127e   0x00000002   PAD
    0x08001280   0x00000040   Code   RO         1369    i.HAL_NVIC_SetPriority  stm32f1xx_hal_cortex.o
    0x080012c0   0x00000024   Code   RO         1370    i.HAL_NVIC_SetPriorityGrouping  stm32f1xx_hal_cortex.o
    0x080012e4   0x000000ec   Code   RO         1166    i.HAL_RCCEx_PeriphCLKConfig  stm32f1xx_hal_rcc_ex.o
    0x080013d0   0x0000012c   Code   RO         1063    i.HAL_RCC_ClockConfig  stm32f1xx_hal_rcc.o
    0x080014fc   0x00000020   Code   RO         1070    i.HAL_RCC_GetPCLK1Freq  stm32f1xx_hal_rcc.o
    0x0800151c   0x00000020   Code   RO         1071    i.HAL_RCC_GetPCLK2Freq  stm32f1xx_hal_rcc.o
    0x0800153c   0x0000006c   Code   RO         1072    i.HAL_RCC_GetSysClockFreq  stm32f1xx_hal_rcc.o
    0x080015a8   0x00000320   Code   RO         1075    i.HAL_RCC_OscConfig  stm32f1xx_hal_rcc.o
    0x080018c8   0x00000028   Code   RO         1374    i.HAL_SYSTICK_Config  stm32f1xx_hal_cortex.o
    0x080018f0   0x00000002   Code   RO         2569    i.HAL_TIMEx_BreakCallback  stm32f1xx_hal_tim_ex.o
    0x080018f2   0x00000002   Code   RO         2570    i.HAL_TIMEx_CommutCallback  stm32f1xx_hal_tim_ex.o
    0x080018f4   0x00000068   Code   RO         2588    i.HAL_TIMEx_MasterConfigSynchronization  stm32f1xx_hal_tim_ex.o
    0x0800195c   0x0000005a   Code   RO         1865    i.HAL_TIM_Base_Init  stm32f1xx_hal_tim.o
    0x080019b6   0x00000002   PAD
    0x080019b8   0x00000050   Code   RO          292    i.HAL_TIM_Base_MspInit  tim.o
    0x08001a08   0x000000d6   Code   RO         1874    i.HAL_TIM_ConfigClockSource  stm32f1xx_hal_tim.o
    0x08001ade   0x00000002   Code   RO         1899    i.HAL_TIM_IC_CaptureCallback  stm32f1xx_hal_tim.o
    0x08001ae0   0x00000166   Code   RO         1913    i.HAL_TIM_IRQHandler  stm32f1xx_hal_tim.o
    0x08001c46   0x00000002   PAD
    0x08001c48   0x0000006c   Code   RO          293    i.HAL_TIM_MspPostInit  tim.o
    0x08001cb4   0x00000002   Code   RO         1916    i.HAL_TIM_OC_DelayElapsedCallback  stm32f1xx_hal_tim.o
    0x08001cb6   0x000000c6   Code   RO         1937    i.HAL_TIM_PWM_ConfigChannel  stm32f1xx_hal_tim.o
    0x08001d7c   0x0000005a   Code   RO         1940    i.HAL_TIM_PWM_Init  stm32f1xx_hal_tim.o
    0x08001dd6   0x00000002   PAD
    0x08001dd8   0x00000028   Code   RO          295    i.HAL_TIM_PWM_MspInit  tim.o
    0x08001e00   0x00000002   Code   RO         1943    i.HAL_TIM_PWM_PulseFinishedCallback  stm32f1xx_hal_tim.o
    0x08001e02   0x00000002   PAD
    0x08001e04   0x0000009c   Code   RO         1945    i.HAL_TIM_PWM_Start  stm32f1xx_hal_tim.o
    0x08001ea0   0x00000014   Code   RO           14    i.HAL_TIM_PeriodElapsedCallback  main.o
    0x08001eb4   0x00000002   Code   RO         1956    i.HAL_TIM_TriggerCallback  stm32f1xx_hal_tim.o
    0x08001eb6   0x00000002   Code   RO         2847    i.HAL_UARTEx_RxEventCallback  stm32f1xx_hal_uart.o
    0x08001eb8   0x00000002   Code   RO         2861    i.HAL_UART_ErrorCallback  stm32f1xx_hal_uart.o
    0x08001eba   0x00000002   PAD
    0x08001ebc   0x0000020c   Code   RO         2864    i.HAL_UART_IRQHandler  stm32f1xx_hal_uart.o
    0x080020c8   0x00000062   Code   RO         2865    i.HAL_UART_Init     stm32f1xx_hal_uart.o
    0x0800212a   0x00000002   PAD
    0x0800212c   0x000001d0   Code   RO          364    i.HAL_UART_MspInit  usart.o
    0x080022fc   0x0000002a   Code   RO         2869    i.HAL_UART_Receive_DMA  stm32f1xx_hal_uart.o
    0x08002326   0x00000002   PAD
    0x08002328   0x0000005c   Code   RO           15    i.HAL_UART_RxCpltCallback  main.o
    0x08002384   0x00000002   Code   RO         2872    i.HAL_UART_RxHalfCpltCallback  stm32f1xx_hal_uart.o
    0x08002386   0x00000002   PAD
    0x08002388   0x000000b2   Code   RO         2873    i.HAL_UART_Transmit  stm32f1xx_hal_uart.o
    0x0800243a   0x00000002   Code   RO         2876    i.HAL_UART_TxCpltCallback  stm32f1xx_hal_uart.o
    0x0800243c   0x00000002   Code   RO          441    i.HardFault_Handler  stm32f1xx_it.o
    0x0800243e   0x00000002   PAD
    0x08002440   0x00000064   Code   RO          227    i.MX_ADC1_Init      adc.o
    0x080024a4   0x0000006c   Code   RO          267    i.MX_DMA_Init       dma.o
    0x08002510   0x00000080   Code   RO          197    i.MX_GPIO_Init      gpio.o
    0x08002590   0x00000068   Code   RO          296    i.MX_TIM2_Init      tim.o
    0x080025f8   0x000000ac   Code   RO          297    i.MX_TIM3_Init      tim.o
    0x080026a4   0x00000090   Code   RO          298    i.MX_TIM4_Init      tim.o
    0x08002734   0x00000038   Code   RO          365    i.MX_USART1_UART_Init  usart.o
    0x0800276c   0x00000038   Code   RO          366    i.MX_USART2_UART_Init  usart.o
    0x080027a4   0x00000038   Code   RO          367    i.MX_USART3_UART_Init  usart.o
    0x080027dc   0x00000002   Code   RO          442    i.MemManage_Handler  stm32f1xx_it.o
    0x080027de   0x00000002   PAD
    0x080027e0   0x00000094   Code   RO         3339    i.MotorCtrl         higherctrl.o
    0x08002874   0x00000002   Code   RO          443    i.NMI_Handler       stm32f1xx_it.o
    0x08002876   0x00000002   Code   RO          444    i.PendSV_Handler    stm32f1xx_it.o
    0x08002878   0x00000018   Code   RO         3340    i.PumpCtrl          higherctrl.o
    0x08002890   0x00000002   Code   RO          445    i.SVC_Handler       stm32f1xx_it.o
    0x08002892   0x00000002   PAD
    0x08002894   0x000000fc   Code   RO         3291    i.SendInfo_Send     com.o
    0x08002990   0x00000004   Code   RO          446    i.SysTick_Handler   stm32f1xx_it.o
    0x08002994   0x00000078   Code   RO           16    i.SystemClock_Config  main.o
    0x08002a0c   0x00000002   Code   RO         3194    i.SystemInit        system_stm32f1xx.o
    0x08002a0e   0x00000002   PAD
    0x08002a10   0x0000000c   Code   RO          447    i.TIM2_IRQHandler   stm32f1xx_it.o
    0x08002a1c   0x0000006c   Code   RO         1958    i.TIM_Base_SetConfig  stm32f1xx_hal_tim.o
    0x08002a88   0x0000001a   Code   RO         1959    i.TIM_CCxChannelCmd  stm32f1xx_hal_tim.o
    0x08002aa2   0x00000014   Code   RO         1969    i.TIM_ETR_SetConfig  stm32f1xx_hal_tim.o
    0x08002ab6   0x00000010   Code   RO         1970    i.TIM_ITRx_SetConfig  stm32f1xx_hal_tim.o
    0x08002ac6   0x00000002   PAD
    0x08002ac8   0x00000050   Code   RO         1971    i.TIM_OC1_SetConfig  stm32f1xx_hal_tim.o
    0x08002b18   0x00000058   Code   RO         1972    i.TIM_OC2_SetConfig  stm32f1xx_hal_tim.o
    0x08002b70   0x00000058   Code   RO         1973    i.TIM_OC3_SetConfig  stm32f1xx_hal_tim.o
    0x08002bc8   0x00000044   Code   RO         1974    i.TIM_OC4_SetConfig  stm32f1xx_hal_tim.o
    0x08002c0c   0x00000022   Code   RO         1976    i.TIM_TI1_ConfigInputStage  stm32f1xx_hal_tim.o
    0x08002c2e   0x00000024   Code   RO         1978    i.TIM_TI2_ConfigInputStage  stm32f1xx_hal_tim.o
    0x08002c52   0x00000010   Code   RO         2878    i.UART_DMAAbortOnError  stm32f1xx_hal_uart.o
    0x08002c62   0x0000004a   Code   RO         2879    i.UART_DMAError     stm32f1xx_hal_uart.o
    0x08002cac   0x0000005a   Code   RO         2880    i.UART_DMAReceiveCplt  stm32f1xx_hal_uart.o
    0x08002d06   0x0000001a   Code   RO         2882    i.UART_DMARxHalfCplt  stm32f1xx_hal_uart.o
    0x08002d20   0x00000030   Code   RO         2888    i.UART_EndRxTransfer  stm32f1xx_hal_uart.o
    0x08002d50   0x00000012   Code   RO         2889    i.UART_EndTxTransfer  stm32f1xx_hal_uart.o
    0x08002d62   0x000000b6   Code   RO         2890    i.UART_Receive_IT   stm32f1xx_hal_uart.o
    0x08002e18   0x000000b8   Code   RO         2891    i.UART_SetConfig    stm32f1xx_hal_uart.o
    0x08002ed0   0x00000070   Code   RO         2892    i.UART_Start_Receive_DMA  stm32f1xx_hal_uart.o
    0x08002f40   0x00000064   Code   RO         2894    i.UART_WaitOnFlagUntilTimeout  stm32f1xx_hal_uart.o
    0x08002fa4   0x0000000c   Code   RO          448    i.USART2_IRQHandler  stm32f1xx_it.o
    0x08002fb0   0x00000002   Code   RO          449    i.UsageFault_Handler  stm32f1xx_it.o
    0x08002fb2   0x00000020   Code   RO         1376    i.__NVIC_SetPriority  stm32f1xx_hal_cortex.o
    0x08002fd2   0x0000000e   Code   RO         3425    i._is_digit         c_w.l(__printf_wp.o)
    0x08002fe0   0x00000002   Code   RO          368    i._sys_exit         usart.o
    0x08002fe2   0x00000002   PAD
    0x08002fe4   0x000000a0   Code   RO         3231    i.decodeChar        gpsdecode.o
    0x08003084   0x00000148   Code   RO         3232    i.decodeGPS         gpsdecode.o
    0x080031cc   0x000000e0   Code   RO         3233    i.decodeGPS_fakeHandle  gpsdecode.o
    0x080032ac   0x00000018   Code   RO          369    i.fputc             usart.o
    0x080032c4   0x0000001c   Code   RO         3341    i.higherCtrl_Handle  higherctrl.o
    0x080032e0   0x00000074   Code   RO         3342    i.higherCtrl_Init   higherctrl.o
    0x08003354   0x00000080   Code   RO           17    i.main              main.o
    0x080033d4   0x0000007c   Code   RO         3343    i.updateInformation_Handle  higherctrl.o
    0x08003450   0x00000150   Code   RO         3445    x$fpl$dadd          fz_ws.l(daddsub_clz.o)
    0x080035a0   0x0000002e   Code   RO         3452    x$fpl$dflt          fz_ws.l(dflt_clz.o)
    0x080035ce   0x00000002   PAD
    0x080035d0   0x00000154   Code   RO         3457    x$fpl$dmul          fz_ws.l(dmul.o)
    0x08003724   0x0000009c   Code   RO         3485    x$fpl$dnaninf       fz_ws.l(dnaninf.o)
    0x080037c0   0x0000000c   Code   RO         3487    x$fpl$dretinf       fz_ws.l(dretinf.o)
    0x080037cc   0x000001d4   Code   RO         3447    x$fpl$dsub          fz_ws.l(daddsub_clz.o)
    0x080039a0   0x00000026   Code   RO         3463    x$fpl$ffltu         fz_ws.l(fflt_clz.o)
    0x080039c6   0x00000000   Code   RO         3493    x$fpl$usenofp       fz_ws.l(usenofp.o)
    0x080039c6   0x00000010   Data   RO         3195    .constdata          system_stm32f1xx.o
    0x080039d6   0x00000008   Data   RO         3196    .constdata          system_stm32f1xx.o
    0x080039de   0x00000011   Data   RO         3433    .constdata          c_w.l(__printf_flags_ss_wp.o)
    0x080039ef   0x00000001   PAD
    0x080039f0   0x00000020   Data   RO         3693    Region$$Table       anon$$obj.o


    Execution Region RW_IRAM1 (Base: 0x20000000, Size: 0x00000ac0, Max: 0x00005000, ABSOLUTE)

    Base Addr    Size         Type   Attr      Idx    E Section Name        Object

    0x20000000   0x00000004   Data   RW           19    .data               main.o
    0x20000004   0x00000004   Data   RW          371    .data               usart.o
    0x20000008   0x0000000c   Data   RW          913    .data               stm32f1xx_hal.o
    0x20000014   0x00000004   Data   RW         3197    .data               system_stm32f1xx.o
    0x20000018   0x00000008   Data   RW         3237    .data               gpsdecode.o
    0x20000020   0x00000010   Data   RW         3293    .data               com.o
    0x20000030   0x00000002   Data   RW         3344    .data               higherctrl.o
    0x20000032   0x00000002   PAD
    0x20000034   0x00000074   Zero   RW          228    .bss                adc.o
    0x200000a8   0x000000d8   Zero   RW          299    .bss                tim.o
    0x20000180   0x000001dc   Zero   RW          370    .bss                usart.o
    0x2000035c   0x00000004   PAD
    0x20000360   0x00000080   Zero   RW         3235    .bss                gpsdecode.o
    0x200003e0   0x0000007c   Zero   RW         3292    .bss                com.o
    0x2000045c   0x00000060   Zero   RW         3557    .bss                c_w.l(libspace.o)
    0x200004bc   0x00000004   PAD
    0x200004c0   0x00000200   Zero   RW            2    HEAP                startup_stm32f103xb.o
    0x200006c0   0x00000400   Zero   RW            1    STACK               startup_stm32f103xb.o


==============================================================================

Image component sizes


      Code (inc. data)   RO Data    RW Data    ZI Data      Debug   Object Name

       244         30          0          0        116       1755   adc.o
       536        114          0         16        124       3321   com.o
       108          4          0          0          0        778   dma.o
       128          8          0          0          0        939   gpio.o
       712         60          0          8        128       3598   gpsdecode.o
       528         70          0          2          0       4060   higherctrl.o
       364         74          0          4          0     443834   main.o
        64         26        236          0       1536        804   startup_stm32f103xb.o
       164         28          0         12          0       5857   stm32f1xx_hal.o
      1134         56          0          0          0       8466   stm32f1xx_hal_adc.o
       198         14          0          0          0      28951   stm32f1xx_hal_cortex.o
       808         36          0          0          0       4950   stm32f1xx_hal_dma.o
       490         34          0          0          0       2872   stm32f1xx_hal_gpio.o
        60          8          0          0          0        858   stm32f1xx_hal_msp.o
      1272        100          0          0          0       5164   stm32f1xx_hal_rcc.o
       236         12          0          0          0       1372   stm32f1xx_hal_rcc_ex.o
      1678         46          0          0          0      14580   stm32f1xx_hal_tim.o
       108         12          0          0          0       2353   stm32f1xx_hal_tim_ex.o
      1700         24          0          0          0      13360   stm32f1xx_hal_uart.o
       104         42          0          0          0       6899   stm32f1xx_it.o
         2          0         24          4          0       1103   system_stm32f1xx.o
       648         60          0          0        216       4208   tim.o
       658         64          0          4        476       5668   usart.o

    ----------------------------------------------------------------------
     11982        922        292         52       2600     565750   Object Totals
         0          0         32          0          0          0   (incl. Generated)
        38          0          0          2          4          0   (incl. Padding)

    ----------------------------------------------------------------------

      Code (inc. data)   RO Data    RW Data    ZI Data      Debug   Library Member Name

         8          0          0          0          0         68   __main.o
       392          4         17          0          0         92   __printf_flags_ss_wp.o
        14          0          0          0          0         68   __printf_wp.o
         0          0          0          0          0          0   __rtentry.o
        12          0          0          0          0          0   __rtentry2.o
         6          0          0          0          0          0   __rtentry4.o
        52          8          0          0          0          0   __scatter.o
        26          0          0          0          0          0   __scatter_copy.o
        28          0          0          0          0          0   __scatter_zi.o
        48          6          0          0          0         96   _printf_char_common.o
        36          4          0          0          0         80   _printf_char_file.o
         6          0          0          0          0          0   _printf_d.o
       120         16          0          0          0         92   _printf_dec.o
       178          0          0          0          0         88   _printf_intcommon.o
         0          0          0          0          0          0   _printf_percent.o
         4          0          0          0          0          0   _printf_percent_end.o
        18          0          0          0          0         80   exit.o
         8          0          0          0          0         68   ferror.o
         6          0          0          0          0        152   heapauxi.o
         2          0          0          0          0          0   libinit.o
         2          0          0          0          0          0   libinit2.o
         2          0          0          0          0          0   libshutdown.o
         2          0          0          0          0          0   libshutdown2.o
         8          4          0          0         96         68   libspace.o
        24          4          0          0          0         84   noretval__2printf.o
        78          0          0          0          0         80   rt_memclr_w.o
         2          0          0          0          0          0   rtexit.o
        10          0          0          0          0          0   rtexit2.o
        74          0          0          0          0         80   sys_stackheap_outer.o
         2          0          0          0          0         68   use_no_semi.o
         2          0          0          0          0         68   use_no_semi_2.o
       804         16          0          0          0        272   daddsub_clz.o
        46          0          0          0          0         68   dflt_clz.o
       340         12          0          0          0        104   dmul.o
       156          4          0          0          0         92   dnaninf.o
        12          0          0          0          0         68   dretinf.o
        38          0          0          0          0         68   fflt_clz.o
         0          0          0          0          0          0   usenofp.o

    ----------------------------------------------------------------------
      2572         78         18          0        100       2004   Library Totals
         6          0          1          0          4          0   (incl. Padding)

    ----------------------------------------------------------------------

      Code (inc. data)   RO Data    RW Data    ZI Data      Debug   Library Name

      1170         46         17          0         96       1332   c_w.l
      1396         32          0          0          0        672   fz_ws.l

    ----------------------------------------------------------------------
      2572         78         18          0        100       2004   Library Totals

    ----------------------------------------------------------------------

==============================================================================


      Code (inc. data)   RO Data    RW Data    ZI Data      Debug   

     14554       1000        310         52       2700     560470   Grand Totals
     14554       1000        310         52       2700     560470   ELF Image Totals
     14554       1000        310         52          0          0   ROM Totals

==============================================================================

    Total RO  Size (Code + RO Data)                14864 (  14.52kB)
    Total RW  Size (RW Data + ZI Data)              2752 (   2.69kB)
    Total ROM Size (Code + RO Data + RW Data)      14916 (  14.57kB)

==============================================================================

